 UE4Editor-ECSLearning-1905

 Timestamp is 5d1da860 (Thu Jul  4 15:18:56 2019)

 Preferred load address is 0000000180000000

 Start         Length     Name                   Class
 0001:00000000 00001070H .text$di                CODE
 0001:00001070 00002140H .text$mn                CODE
 0001:000031b0 00000020H .text$mn$00             CODE
 0001:000031d0 000000fcH .text$x                 CODE
 0002:00000000 00000bc8H .idata$5                DATA
 0002:00000bc8 00000010H .00cfg                  DATA
 0002:00000bd8 00000008H .CRT$XCA                DATA
 0002:00000be0 00000658H .CRT$XCU                DATA
 0002:00001238 00000008H .CRT$XCZ                DATA
 0002:00001240 00000008H .CRT$XIA                DATA
 0002:00001248 00000008H .CRT$XIC                DATA
 0002:00001250 00000008H .CRT$XIZ                DATA
 0002:00001258 00000008H .CRT$XPA                DATA
 0002:00001260 00000008H .CRT$XPZ                DATA
 0002:00001268 00000008H .CRT$XTA                DATA
 0002:00001270 00000010H .CRT$XTZ                DATA
 0002:00001278 00000000H .gfids$y                DATA
 0002:00001280 00005380H .rdata                  DATA
 0002:00006600 000002c8H .rdata$zzzdbg           DATA
 0002:000068c8 00000008H .rtc$IAA                DATA
 0002:000068d0 00000008H .rtc$IZZ                DATA
 0002:000068d8 00000008H .rtc$TAA                DATA
 0002:000068e0 00000008H .rtc$TZZ                DATA
 0002:000068e8 00000438H .xdata                  DATA
 0002:00006d20 000004bcH .edata                  DATA
 0002:000071dc 00000078H .idata$2                DATA
 0002:00007254 00000014H .idata$3                DATA
 0002:00007268 00000bc8H .idata$4                DATA
 0002:00007e30 00004be8H .idata$6                DATA
 0003:00000000 000000d0H .data                   DATA
 0003:000000d0 00000d38H .bss                    DATA
 0004:00000000 0000033cH .pdata                  DATA
 0005:00000000 00000300H .rsrc$01                DATA
 0005:00000300 00011c00H .rsrc$02                DATA

  Address         Publics by Value              Rva+Base               Lib:Object

 0000:00000000       __guard_iat_table          0000000000000000     <absolute>
 0000:00000000       __dynamic_value_reloc_table 0000000000000000     <absolute>
 0000:00000000       __guard_longjmp_table      0000000000000000     <absolute>
 0000:00000000       __guard_iat_count          0000000000000000     <absolute>
 0000:00000000       __guard_fids_table         0000000000000000     <absolute>
 0000:00000000       ___safe_se_handler_table   0000000000000000     <absolute>
 0000:00000000       __enclave_config           0000000000000000     <absolute>
 0000:00000000       __hybrid_code_map_count    0000000000000000     <absolute>
 0000:00000000       __guard_fids_count         0000000000000000     <absolute>
 0000:00000000       __volatile_metadata        0000000000000000     <absolute>
 0000:00000000       __guard_longjmp_count      0000000000000000     <absolute>
 0000:00000000       ___safe_se_handler_count   0000000000000000     <absolute>
 0000:00000000       __hybrid_auxiliary_iat     0000000000000000     <absolute>
 0000:00000000       __hybrid_code_map          0000000000000000     <absolute>
 0000:00000100       __guard_flags              0000000000000100     <absolute>
 0000:00000000       __ImageBase                0000000180000000     <linker-defined>
 0001:00001070       ??1IModuleInterface@@UEAA@XZ 0000000180002070 f i ECSLearning.cpp.obj
 0001:00001080       ??2@YAPEAX_K@Z             0000000180002080 f   ECSLearning.cpp.obj
 0001:00001090       ??2@YAPEAX_KAEBUnothrow_t@std@@@Z 0000000180002090 f   ECSLearning.cpp.obj
 0001:000010a0       ??3@YAXPEAX@Z              00000001800020a0 f   ECSLearning.cpp.obj
 0001:000010c0       ??3@YAXPEAXAEBUnothrow_t@std@@@Z 00000001800020c0 f   ECSLearning.cpp.obj
 0001:000010d0       ??3@YAXPEAX_K@Z            00000001800020d0 f   ECSLearning.cpp.obj
 0001:000010f0       ??3@YAXPEAX_KAEBUnothrow_t@std@@@Z 00000001800020f0 f   ECSLearning.cpp.obj
 0001:00001100       ??_GFDefaultGameModuleImpl@@UEAAPEAXI@Z 0000000180002100 f i ECSLearning.cpp.obj
 0001:00001100       ??_EFDefaultGameModuleImpl@@UEAAPEAXI@Z 0000000180002100 f i ECSLearning.cpp.obj
 0001:00001140       ??_GFDefaultModuleImpl@@UEAAPEAXI@Z 0000000180002140 f i ECSLearning.cpp.obj
 0001:00001140       ??_EFDefaultModuleImpl@@UEAAPEAXI@Z 0000000180002140 f i ECSLearning.cpp.obj
 0001:00001180       ??_GIModuleInterface@@UEAAPEAXI@Z 0000000180002180 f i ECSLearning.cpp.obj
 0001:00001180       ??_EIModuleInterface@@UEAAPEAXI@Z 0000000180002180 f i ECSLearning.cpp.obj
 0001:000011c0       ??_H@YAXPEAX_K1P6APEAX0@Z@Z 00000001800021c0 f i ECSLearning.cpp.obj
 0001:00001210       ??_U@YAPEAX_K@Z            0000000180002210 f   ECSLearning.cpp.obj
 0001:00001220       ??_U@YAPEAX_KAEBUnothrow_t@std@@@Z 0000000180002220 f   ECSLearning.cpp.obj
 0001:00001230       ??_V@YAXPEAX@Z             0000000180002230 f   ECSLearning.cpp.obj
 0001:00001250       ??_V@YAXPEAXAEBUnothrow_t@std@@@Z 0000000180002250 f   ECSLearning.cpp.obj
 0001:00001260       ??_V@YAXPEAX_K@Z           0000000180002260 f   ECSLearning.cpp.obj
 0001:00001280       ??_V@YAXPEAX_KAEBUnothrow_t@std@@@Z 0000000180002280 f   ECSLearning.cpp.obj
 0001:00001290       ?IsGameModule@FDefaultGameModuleImpl@@EEBA_NXZ 0000000180002290 f i ECSLearning.cpp.obj
 0001:000012a0       ?IsGameModule@IModuleInterface@@UEBA_NXZ 00000001800022a0 f i ECSLearning.cpp.obj
 0001:000012b0       ?PostLoadCallback@IModuleInterface@@UEAAXXZ 00000001800022b0 f i ECSLearning.cpp.obj
 0001:000012c0       ?PreUnloadCallback@IModuleInterface@@UEAAXXZ 00000001800022c0 f i ECSLearning.cpp.obj
 0001:000012d0       ?ShutdownModule@IModuleInterface@@UEAAXXZ 00000001800022d0 f i ECSLearning.cpp.obj
 0001:000012e0       ?StartupModule@IModuleInterface@@UEAAXXZ 00000001800022e0 f i ECSLearning.cpp.obj
 0001:000012f0       ?SupportsAutomaticShutdown@IModuleInterface@@UEAA_NXZ 00000001800022f0 f i ECSLearning.cpp.obj
 0001:00001300       ?SupportsDynamicReloading@IModuleInterface@@UEAA_NXZ 0000000180002300 f i ECSLearning.cpp.obj
 0001:00001310       InitializeModule           0000000180002310 f   ECSLearning.cpp.obj
 0001:00001340       ??0AMyCharacter@@QEAA@XZ   0000000180002340 f   MyCharacter.cpp.obj
 0001:00001380       ??0FVector@@QEAA@XZ        0000000180002380 f i MyCharacter.cpp.obj
 0001:00001390       ??1AMyCharacter@@UEAA@XZ   0000000180002390 f i MyCharacter.cpp.obj
 0001:000013a0       ??2AMyCharacter@@SAPEAX_KPEAW4EInternal@@@Z 00000001800023a0 f i MyCharacter.cpp.obj
 0001:000013b0       ??2AMyCharacter@@SAPEAX_KW4EInternal@@PEAVUObject@@VFName@@W4EObjectFlags@@@Z 00000001800023b0 f i MyCharacter.cpp.obj
 0001:00001400       ??_EAMyCharacter@@UEAAPEAXI@Z 0000000180002400 f i MyCharacter.cpp.obj
 0001:00001498       ??_EAMyCharacter@@WDPA@EAAPEAXI@Z 0000000180002498 f i MyCharacter.cpp.obj
 0001:000014b0       ??_GAMyCharacter@@UEAAPEAXI@Z 00000001800024b0 f i MyCharacter.cpp.obj
 0001:000014f0       ??__G@YAXPEAX0_K1P6APEAX00@Z@Z 00000001800024f0 f i MyCharacter.cpp.obj
 0001:00001550       ?BeginPlay@AMyCharacter@@MEAAXXZ 0000000180002550 f   MyCharacter.cpp.obj
 0001:00001560       ?GetMoveGoalOffset@INavAgentInterface@@UEBA?AUFVector@@PEAVAActor@@@Z 0000000180002560 f i MyCharacter.cpp.obj
 0001:00001580       ?GetMoveGoalOffset@INavAgentInterface@@UEBA?AUFVector@@PEBVAActor@@@Z 0000000180002580 f i MyCharacter.cpp.obj
 0001:000015a0       ?GetMoveGoalReachTest@INavAgentInterface@@UEBAXPEAVAActor@@AEBUFVector@@AEAU3@AEAM3@Z 00000001800025a0 f i MyCharacter.cpp.obj
 0001:000015b0       ?GetPathFollowingAgent@INavAgentInterface@@UEBAPEAVIPathFollowingAgentInterface@@XZ 00000001800025b0 f i MyCharacter.cpp.obj
 0001:000015c0       ?IsFollowingAPath@INavAgentInterface@@UEBA_NXZ 00000001800025c0 f i MyCharacter.cpp.obj
 0001:000015d0       ?SetupPlayerInputComponent@AMyCharacter@@UEAAXPEAVUInputComponent@@@Z 00000001800025d0 f   MyCharacter.cpp.obj
 0001:000015e0       ?ShouldPostponePathUpdates@INavAgentInterface@@UEBA_NXZ 00000001800025e0 f i MyCharacter.cpp.obj
 0001:000015f0       ?StaticClass@AMyCharacter@@SAPEAVUClass@@XZ 00000001800025f0 f i MyCharacter.cpp.obj
 0001:00001600       ?StaticClassCastFlags@AMyCharacter@@SA?AW4EClassCastFlags@@XZ 0000000180002600 f i MyCharacter.cpp.obj
 0001:00001610       ?StaticPackage@AMyCharacter@@SAPEB_WXZ 0000000180002610 f i MyCharacter.cpp.obj
 0001:00001620       ?Tick@AMyCharacter@@UEAAXM@Z 0000000180002620 f   MyCharacter.cpp.obj
 0001:00001630       ?__DefaultConstructor@AMyCharacter@@SAXAEBVFObjectInitializer@@@Z 0000000180002630 f i MyCharacter.cpp.obj
 0001:00001680       ?__VTableCtorCaller@AMyCharacter@@SAPEAVUObject@@AEAVFVTableHelper@@@Z 0000000180002680 f i MyCharacter.cpp.obj
 0001:00001710       ?EmptyLinkFunctionForGeneratedCodeECSLearning_init@@YAXXZ 0000000180002710 f   ECSLearning.init.gen.cpp.obj
 0001:00001720       ?Z_Construct_UPackage__Script_ECSLearning@@YAPEAVUPackage@@XZ 0000000180002720 f   ECSLearning.init.gen.cpp.obj
 0001:00001750       ?Register@?$TClassCompiledInDefer@VAMyCharacter@@@@UEBAPEAVUClass@@XZ 0000000180002750 f i MyCharacter.gen.cpp.obj
 0001:00001790       ?ClassPackage@?$TClassCompiledInDefer@VAMyCharacter@@@@UEBAPEB_WXZ 0000000180002790 f i MyCharacter.gen.cpp.obj
 0001:000017a0       ??$InternalConstructor@VAMyCharacter@@@@YAXAEBVFObjectInitializer@@@Z 00000001800027a0 f i MyCharacter.gen.cpp.obj
 0001:000017b0       ??$InternalVTableHelperCtorCaller@VAMyCharacter@@@@YAPEAVUObject@@AEAVFVTableHelper@@@Z 00000001800027b0 f i MyCharacter.gen.cpp.obj
 0001:000017c0       ??0AMyCharacter@@QEAA@AEAVFVTableHelper@@@Z 00000001800027c0 f   MyCharacter.gen.cpp.obj
 0001:000017f0       ?EmptyLinkFunctionForGeneratedCodeMyCharacter@@YAXXZ 00000001800027f0 f   MyCharacter.gen.cpp.obj
 0001:00001800       ?GetPrivateStaticClass@AMyCharacter@@CAPEAVUClass@@XZ 0000000180002800 f   MyCharacter.gen.cpp.obj
 0001:000018b0       ?StaticRegisterNativesAMyCharacter@AMyCharacter@@CAXXZ 00000001800028b0 f   MyCharacter.gen.cpp.obj
 0001:000018c0       ?Z_Construct_UClass_AMyCharacter@@YAPEAVUClass@@XZ 00000001800028c0 f   MyCharacter.gen.cpp.obj
 0001:000018f0       ?Z_Construct_UClass_AMyCharacter_NoRegister@@YAPEAVUClass@@XZ 00000001800028f0 f   MyCharacter.gen.cpp.obj
 0001:000018f5       ?Tick@AActor@@UEAAXM@Z     00000001800028f5 f   UE4Editor-Engine:UE4Editor-Engine.dll
 0001:000018fb       ??0ACharacter@@QEAA@AEBVFObjectInitializer@@@Z 00000001800028fb f   UE4Editor-Engine:UE4Editor-Engine.dll
 0001:00001901       ?BeginPlay@ACharacter@@UEAAXXZ 0000000180002901 f   UE4Editor-Engine:UE4Editor-Engine.dll
 0001:00001907       ?SetupPlayerInputComponent@ACharacter@@UEAAXPEAVUInputComponent@@@Z 0000000180002907 f   UE4Editor-Engine:UE4Editor-Engine.dll
 0001:0000190d       ??1ACharacter@@UEAA@XZ     000000018000290d f   UE4Editor-Engine:UE4Editor-Engine.dll
 0001:00001913       ?AddControllerPitchInput@APawn@@UEAAXM@Z 0000000180002913 f   UE4Editor-Engine:UE4Editor-Engine.dll
 0001:00001919       ?AddControllerRollInput@APawn@@UEAAXM@Z 0000000180002919 f   UE4Editor-Engine:UE4Editor-Engine.dll
 0001:0000191f       ?AddControllerYawInput@APawn@@UEAAXM@Z 000000018000291f f   UE4Editor-Engine:UE4Editor-Engine.dll
 0001:00001925       ?AddMovementInput@APawn@@UEAAXUFVector@@M_N@Z 0000000180002925 f   UE4Editor-Engine:UE4Editor-Engine.dll
 0001:0000192b       ?AddTickPrerequisiteActor@AActor@@UEAAXPEAV1@@Z 000000018000292b f   UE4Editor-Engine:UE4Editor-Engine.dll
 0001:00001931       ?AddTickPrerequisiteComponent@AActor@@UEAAXPEAVUActorComponent@@@Z 0000000180002931 f   UE4Editor-Engine:UE4Editor-Engine.dll
 0001:00001937       ?ApplyDamageMomentum@ACharacter@@UEAAXMAEBUFDamageEvent@@PEAVAPawn@@PEAVAActor@@@Z 0000000180002937 f   UE4Editor-Engine:UE4Editor-Engine.dll
 0001:0000193d       ?ApplyWorldOffset@AActor@@UEAAXAEBUFVector@@_N@Z 000000018000293d f   UE4Editor-Engine:UE4Editor-Engine.dll
 0001:00001943       ?BaseChange@ACharacter@@MEAAXXZ 0000000180002943 f   UE4Editor-Engine:UE4Editor-Engine.dll
 0001:00001949       ?BecomeViewTarget@APawn@@UEAAXPEAVAPlayerController@@@Z 0000000180002949 f   UE4Editor-Engine:UE4Editor-Engine.dll
 0001:0000194f       ?BeginDestroy@AActor@@UEAAXXZ 000000018000294f f   UE4Editor-Engine:UE4Editor-Engine.dll
 0001:00001955       ?CacheInitialMeshOffset@ACharacter@@UEAAXUFVector@@UFRotator@@@Z 0000000180002955 f   UE4Editor-Engine:UE4Editor-Engine.dll
 0001:0000195b       ?CalcCamera@AActor@@UEAAXMAEAUFMinimalViewInfo@@@Z 000000018000295b f   UE4Editor-Engine:UE4Editor-Engine.dll
 0001:00001961       ?CalculateComponentsBoundingBoxInLocalSpace@AActor@@UEBA?AUFBox@@_N@Z 0000000180002961 f   UE4Editor-Engine:UE4Editor-Engine.dll
 0001:00001967       ?CallRemoteFunction@AActor@@UEAA_NPEAVUFunction@@PEAXPEAUFOutParmRec@@PEAUFFrame@@@Z 0000000180002967 f   UE4Editor-Engine:UE4Editor-Engine.dll
 0001:0000196d       ?CanBeBaseForCharacter@APawn@@UEBA_NPEAV1@@Z 000000018000296d f   UE4Editor-Engine:UE4Editor-Engine.dll
 0001:00001973       ?CanBeInCluster@AActor@@UEBA_NXZ 0000000180002973 f   UE4Editor-Engine:UE4Editor-Engine.dll
 0001:00001979       ?CanCrouch@ACharacter@@UEAA_NXZ 0000000180002979 f   UE4Editor-Engine:UE4Editor-Engine.dll
 0001:0000197f       ?CanDeleteSelectedActor@AActor@@UEBA_NAEAVFText@@@Z 000000018000297f f   UE4Editor-Engine:UE4Editor-Engine.dll
 0001:00001985       ?CanJumpInternal_Implementation@ACharacter@@MEBA_NXZ 0000000180002985 f   UE4Editor-Engine:UE4Editor-Engine.dll
 0001:0000198b       ?CheckDefaultSubobjectsInternal@AActor@@UEBA_NXZ 000000018000298b f   UE4Editor-Engine:UE4Editor-Engine.dll
 0001:00001991       ?CheckForDeprecated@AActor@@UEAAXXZ 0000000180002991 f   UE4Editor-Engine:UE4Editor-Engine.dll
 0001:00001997       ?CheckForErrors@AActor@@UEAAXXZ 0000000180002997 f   UE4Editor-Engine:UE4Editor-Engine.dll
 0001:0000199d       ?CheckJumpInput@ACharacter@@UEAAXM@Z 000000018000299d f   UE4Editor-Engine:UE4Editor-Engine.dll
 0001:000019a3       ?CheckStillInWorld@AActor@@UEAA_NXZ 00000001800029a3 f   UE4Editor-Engine:UE4Editor-Engine.dll
 0001:000019a9       ?ClearCrossLevelReferences@ACharacter@@UEAAXXZ 00000001800029a9 f   UE4Editor-Engine:UE4Editor-Engine.dll
 0001:000019af       ?ClearJumpInput@ACharacter@@UEAAXM@Z 00000001800029af f   UE4Editor-Engine:UE4Editor-Engine.dll
 0001:000019b5       ?ClientCheatFly_Implementation@ACharacter@@UEAAXXZ 00000001800029b5 f   UE4Editor-Engine:UE4Editor-Engine.dll
 0001:000019bb       ?ClientCheatGhost_Implementation@ACharacter@@UEAAXXZ 00000001800029bb f   UE4Editor-Engine:UE4Editor-Engine.dll
 0001:000019c1       ?ClientCheatWalk_Implementation@ACharacter@@UEAAXXZ 00000001800029c1 f   UE4Editor-Engine:UE4Editor-Engine.dll
 0001:000019c7       ?ConsumeMovementInputVector@APawn@@UEAA?AUFVector@@XZ 00000001800029c7 f   UE4Editor-Engine:UE4Editor-Engine.dll
 0001:000019cd       ?CreatePlayerInputComponent@APawn@@MEAAPEAVUInputComponent@@XZ 00000001800029cd f   UE4Editor-Engine:UE4Editor-Engine.dll
 0001:000019d3       ?Crouch@ACharacter@@UEAAX_N@Z 00000001800029d3 f   UE4Editor-Engine:UE4Editor-Engine.dll
 0001:000019d9       ?DestroyNetworkActorHandled@AActor@@UEAA_NXZ 00000001800029d9 f   UE4Editor-Engine:UE4Editor-Engine.dll
 0001:000019df       ?DestroyPlayerInputComponent@APawn@@MEAAXXZ 00000001800029df f   UE4Editor-Engine:UE4Editor-Engine.dll
 0001:000019e5       ?Destroyed@APawn@@UEAAXXZ  00000001800029e5 f   UE4Editor-Engine:UE4Editor-Engine.dll
 0001:000019eb       ?DetachFromControllerPendingDestroy@APawn@@UEAAXXZ 00000001800029eb f   UE4Editor-Engine:UE4Editor-Engine.dll
 0001:000019f1       ?DisableInput@APawn@@UEAAXPEAVAPlayerController@@@Z 00000001800029f1 f   UE4Editor-Engine:UE4Editor-Engine.dll
 0001:000019f7       ?DispatchPhysicsCollisionHit@AActor@@UEAAXAEBUFRigidBodyCollisionInfo@@0AEBUFCollisionImpactData@@@Z 00000001800029f7 f   UE4Editor-Engine:UE4Editor-Engine.dll
 0001:000019fd       ?DisplayDebug@ACharacter@@UEAAXPEAVUCanvas@@AEBVFDebugDisplayInfo@@AEAM2@Z 00000001800029fd f   UE4Editor-Engine:UE4Editor-Engine.dll
 0001:00001a03       ?EditorApplyMirror@AActor@@UEAAXAEBUFVector@@0@Z 0000000180002a03 f   UE4Editor-Engine:UE4Editor-Engine.dll
 0001:00001a09       ?EditorApplyRotation@APawn@@UEAAXAEBUFRotator@@_N11@Z 0000000180002a09 f   UE4Editor-Engine:UE4Editor-Engine.dll
 0001:00001a0f       ?EditorApplyScale@AActor@@UEAAXAEBUFVector@@PEBU2@_N22@Z 0000000180002a0f f   UE4Editor-Engine:UE4Editor-Engine.dll
 0001:00001a15       ?EditorApplyTranslation@AActor@@UEAAXAEBUFVector@@_N11@Z 0000000180002a15 f   UE4Editor-Engine:UE4Editor-Engine.dll
 0001:00001a1b       ?EditorCanAttachTo@AActor@@UEBA_NPEBV1@AEAVFText@@@Z 0000000180002a1b f   UE4Editor-Engine:UE4Editor-Engine.dll
 0001:00001a21       ?EditorKeyPressed@AActor@@UEAAXUFKey@@W4EInputEvent@@@Z 0000000180002a21 f   UE4Editor-Engine:UE4Editor-Engine.dll
 0001:00001a27       ?EditorReplacedActor@AActor@@UEAAXPEAV1@@Z 0000000180002a27 f   UE4Editor-Engine:UE4Editor-Engine.dll
 0001:00001a2d       ?EnableInput@APawn@@UEAAXPEAVAPlayerController@@@Z 0000000180002a2d f   UE4Editor-Engine:UE4Editor-Engine.dll
 0001:00001a33       ?EndPlay@APawn@@UEAAXW4Type@EEndPlayReason@@@Z 0000000180002a33 f   UE4Editor-Engine:UE4Editor-Engine.dll
 0001:00001a39       ?EndViewTarget@AActor@@UEAAXPEAVAPlayerController@@@Z 0000000180002a39 f   UE4Editor-Engine:UE4Editor-Engine.dll
 0001:00001a3f       ?FaceRotation@APawn@@UEAAXUFRotator@@M@Z 0000000180002a3f f   UE4Editor-Engine:UE4Editor-Engine.dll
 0001:00001a45       ?FactoryTransactionAnnotation@AActor@@UEBA?AV?$TSharedPtr@VITransactionObjectAnnotation@@$0A@@@W4ETransactionAnnotationCreationMode@UObject@@@Z 0000000180002a45 f   UE4Editor-Engine:UE4Editor-Engine.dll
 0001:00001a4b       ?Falling@ACharacter@@UEAAXXZ 0000000180002a4b f   UE4Editor-Engine:UE4Editor-Engine.dll
 0001:00001a51       ?FellOutOfWorld@AActor@@UEAAXAEBVUDamageType@@@Z 0000000180002a51 f   UE4Editor-Engine:UE4Editor-Engine.dll
 0001:00001a57       ?FindComponentByClass@ACharacter@@UEBAPEAVUActorComponent@@V?$TSubclassOf@VUActorComponent@@@@@Z 0000000180002a57 f   UE4Editor-Engine:UE4Editor-Engine.dll
 0001:00001a5d       ?ForceNetRelevant@AActor@@UEAAXXZ 0000000180002a5d f   UE4Editor-Engine:UE4Editor-Engine.dll
 0001:00001a63       ?ForceNetUpdate@AActor@@UEAAXXZ 0000000180002a63 f   UE4Editor-Engine:UE4Editor-Engine.dll
 0001:00001a69       ?GatherCurrentMovement@AActor@@UEAAXXZ 0000000180002a69 f   UE4Editor-Engine:UE4Editor-Engine.dll
 0001:00001a6f       ?GetActorEyesViewPoint@APawn@@UEBAXAEAUFVector@@AEAUFRotator@@@Z 0000000180002a6f f   UE4Editor-Engine:UE4Editor-Engine.dll
 0001:00001a75       ?GetBaseAimRotation@APawn@@UEBA?AUFRotator@@XZ 0000000180002a75 f   UE4Editor-Engine:UE4Editor-Engine.dll
 0001:00001a7b       ?GetBaseRotationOffset@ACharacter@@UEBA?AUFQuat@@XZ 0000000180002a7b f   UE4Editor-Engine:UE4Editor-Engine.dll
 0001:00001a81       ?GetComponentsBoundingBox@AActor@@UEBA?AUFBox@@_N@Z 0000000180002a81 f   UE4Editor-Engine:UE4Editor-Engine.dll
 0001:00001a87       ?GetComponentsBoundingCylinder@AActor@@UEBAXAEAM0_N@Z 0000000180002a87 f   UE4Editor-Engine:UE4Editor-Engine.dll
 0001:00001a8d       ?GetComponentsCollisionResponseToChannel@AActor@@UEBA?AW4ECollisionResponse@@W4ECollisionChannel@@@Z 0000000180002a8d f   UE4Editor-Engine:UE4Editor-Engine.dll
 0001:00001a93       ?GetCustomIconName@AActor@@UEBA?AVFName@@XZ 0000000180002a93 f   UE4Editor-Engine:UE4Editor-Engine.dll
 0001:00001a99       ?GetDamageInstigator@APawn@@MEBAPEAVAController@@PEAV2@AEBVUDamageType@@@Z 0000000180002a99 f   UE4Editor-Engine:UE4Editor-Engine.dll
 0001:00001a9f       ?GetDefaultAttachComponent@AActor@@UEBAPEAVUSceneComponent@@XZ 0000000180002a9f f   UE4Editor-Engine:UE4Editor-Engine.dll
 0001:00001aa5       ?GetDefaultHalfHeight@ACharacter@@UEBAMXZ 0000000180002aa5 f   UE4Editor-Engine:UE4Editor-Engine.dll
 0001:00001aab       ?GetFunctionCallspace@AActor@@UEAAHPEAVUFunction@@PEAXPEAUFFrame@@@Z 0000000180002aab f   UE4Editor-Engine:UE4Editor-Engine.dll
 0001:00001ab1       ?GetHumanReadableName@APawn@@UEBA?AVFString@@XZ 0000000180002ab1 f   UE4Editor-Engine:UE4Editor-Engine.dll
 0001:00001ab7       ?GetJumpMaxHoldTime@ACharacter@@UEBAMXZ 0000000180002ab7 f   UE4Editor-Engine:UE4Editor-Engine.dll
 0001:00001abd       ?GetLastRenderTime@AActor@@UEBAMXZ 0000000180002abd f   UE4Editor-Engine:UE4Editor-Engine.dll
 0001:00001ac3       ?GetLifeSpan@AActor@@UEBAMXZ 0000000180002ac3 f   UE4Editor-Engine:UE4Editor-Engine.dll
 0001:00001ac9       ?GetLifetimeReplicatedProps@ACharacter@@UEBAXAEAV?$TArray@VFLifetimeProperty@@VFDefaultAllocator@@@@@Z 0000000180002ac9 f   UE4Editor-Engine:UE4Editor-Engine.dll
 0001:00001acf       ?GetMoveGoalReachTest@APawn@@UEBAXPEBVAActor@@AEBUFVector@@AEAU3@AEAM3@Z 0000000180002acf f   UE4Editor-Engine:UE4Editor-Engine.dll
 0001:00001ad5       ?GetMovementBase@ACharacter@@UEBAPEAVUPrimitiveComponent@@XZ 0000000180002ad5 f   UE4Editor-Engine:UE4Editor-Engine.dll
 0001:00001adb       ?GetMovementComponent@ACharacter@@UEBAPEAVUPawnMovementComponent@@XZ 0000000180002adb f   UE4Editor-Engine:UE4Editor-Engine.dll
 0001:00001ae1       ?GetNavAgentLocation@ACharacter@@UEBA?AUFVector@@XZ 0000000180002ae1 f   UE4Editor-Engine:UE4Editor-Engine.dll
 0001:00001ae7       ?GetNavAgentPropertiesRef@APawn@@UEBAAEBUFNavAgentProperties@@XZ 0000000180002ae7 f   UE4Editor-Engine:UE4Editor-Engine.dll
 0001:00001aed       ?GetNetConnection@APawn@@UEBAPEAVUNetConnection@@XZ 0000000180002aed f   UE4Editor-Engine:UE4Editor-Engine.dll
 0001:00001af3       ?GetNetDormancy@AActor@@UEAA_NAEBUFVector@@0PEAV1@1PEAVUActorChannel@@M_N@Z 0000000180002af3 f   UE4Editor-Engine:UE4Editor-Engine.dll
 0001:00001af9       ?GetNetOwner@APawn@@UEBAPEBVAActor@@XZ 0000000180002af9 f   UE4Editor-Engine:UE4Editor-Engine.dll
 0001:00001aff       ?GetNetOwningPlayer@APawn@@UEAAPEAVUPlayer@@XZ 0000000180002aff f   UE4Editor-Engine:UE4Editor-Engine.dll
 0001:00001b05       ?GetNetPriority@AActor@@UEAAMAEBUFVector@@0PEAV1@1PEAVUActorChannel@@M_N@Z 0000000180002b05 f   UE4Editor-Engine:UE4Editor-Engine.dll
 0001:00001b0b       ?GetPawnNoiseEmitterComponent@APawn@@UEBAPEAVUPawnNoiseEmitterComponent@@XZ 0000000180002b0b f   UE4Editor-Engine:UE4Editor-Engine.dll
 0001:00001b11       ?GetPawnPhysicsVolume@APawn@@UEBAPEAVAPhysicsVolume@@XZ 0000000180002b11 f   UE4Editor-Engine:UE4Editor-Engine.dll
 0001:00001b17       ?GetPawnViewLocation@APawn@@UEBA?AUFVector@@XZ 0000000180002b17 f   UE4Editor-Engine:UE4Editor-Engine.dll
 0001:00001b1d       ?GetReferencedContentObjects@AActor@@UEBA_NAEAV?$TArray@PEAVUObject@@VFDefaultAllocator@@@@@Z 0000000180002b1d f   UE4Editor-Engine:UE4Editor-Engine.dll
 0001:00001b23       ?GetReplayPriority@AActor@@UEAAMAEBUFVector@@0PEAV1@1QEAVUActorChannel@@M@Z 0000000180002b23 f   UE4Editor-Engine:UE4Editor-Engine.dll
 0001:00001b29       ?GetSimpleCollisionCylinder@ACharacter@@UEBAXAEAM0@Z 0000000180002b29 f   UE4Editor-Engine:UE4Editor-Engine.dll
 0001:00001b2f       ?GetSubobjectsWithStableNamesForNetworking@AActor@@UEAAXAEAV?$TArray@PEAVUObject@@VFDefaultAllocator@@@@@Z 0000000180002b2f f   UE4Editor-Engine:UE4Editor-Engine.dll
 0001:00001b35       ?GetTargetLocation@AActor@@UEBA?AUFVector@@PEAV1@@Z 0000000180002b35 f   UE4Editor-Engine:UE4Editor-Engine.dll
 0001:00001b3b       ?GetVelocity@APawn@@UEBA?AUFVector@@XZ 0000000180002b3b f   UE4Editor-Engine:UE4Editor-Engine.dll
 0001:00001b41       ?GetViewRotation@APawn@@UEBA?AUFRotator@@XZ 0000000180002b41 f   UE4Editor-Engine:UE4Editor-Engine.dll
 0001:00001b47       ?GetWorld@AActor@@UEBAPEAVUWorld@@XZ 0000000180002b47 f   UE4Editor-Engine:UE4Editor-Engine.dll
 0001:00001b4d       ?HasActiveCameraComponent@AActor@@UEBA_NXZ 0000000180002b4d f   UE4Editor-Engine:UE4Editor-Engine.dll
 0001:00001b53       ?HasActivePawnControlCameraComponent@AActor@@UEBA_NXZ 0000000180002b53 f   UE4Editor-Engine:UE4Editor-Engine.dll
 0001:00001b59       ?HasNetOwner@AActor@@MEBA_NXZ 0000000180002b59 f   UE4Editor-Engine:UE4Editor-Engine.dll
 0001:00001b5f       ?InFreeCam@APawn@@UEBA_NXZ 0000000180002b5f f   UE4Editor-Engine:UE4Editor-Engine.dll
 0001:00001b65       ?InternalTakePointDamage@AActor@@MEAAMMAEBUFPointDamageEvent@@PEAVAController@@PEAV1@@Z 0000000180002b65 f   UE4Editor-Engine:UE4Editor-Engine.dll
 0001:00001b6b       ?InternalTakeRadialDamage@AActor@@MEAAMMAEBUFRadialDamageEvent@@PEAVAController@@PEAV1@@Z 0000000180002b6b f   UE4Editor-Engine:UE4Editor-Engine.dll
 0001:00001b71       ?InvalidateLightingCacheDetailed@AActor@@UEAAX_N@Z 0000000180002b71 f   UE4Editor-Engine:UE4Editor-Engine.dll
 0001:00001b77       ?IsAttachedTo@AActor@@UEBA_NPEBV1@@Z 0000000180002b77 f   UE4Editor-Engine:UE4Editor-Engine.dll
 0001:00001b7d       ?IsBasedOnActor@APawn@@UEBA_NPEBVAActor@@@Z 0000000180002b7d f   UE4Editor-Engine:UE4Editor-Engine.dll
 0001:00001b83       ?IsComponentRelevantForNavigation@AActor@@UEBA_NPEAVUActorComponent@@@Z 0000000180002b83 f   UE4Editor-Engine:UE4Editor-Engine.dll
 0001:00001b89       ?IsDataValid@AActor@@UEAA?AW4EDataValidationResult@@AEAV?$TArray@VFText@@VFDefaultAllocator@@@@@Z 0000000180002b89 f   UE4Editor-Engine:UE4Editor-Engine.dll
 0001:00001b8f       ?IsEditorOnly@AActor@@UEBA_NXZ 0000000180002b8f f   UE4Editor-Engine:UE4Editor-Engine.dll
 0001:00001b95       ?IsJumpProvidingForce@ACharacter@@UEBA_NXZ 0000000180002b95 f   UE4Editor-Engine:UE4Editor-Engine.dll
 0001:00001b9b       ?IsLevelBoundsRelevant@AActor@@UEBA_NXZ 0000000180002b9b f   UE4Editor-Engine:UE4Editor-Engine.dll
 0001:00001ba1       ?IsListedInSceneOutliner@AActor@@UEBA_NXZ 0000000180002ba1 f   UE4Editor-Engine:UE4Editor-Engine.dll
 0001:00001ba7       ?IsLocallyControlled@APawn@@UEBA_NXZ 0000000180002ba7 f   UE4Editor-Engine:UE4Editor-Engine.dll
 0001:00001bad       ?IsMoveInputIgnored@APawn@@UEBA_NXZ 0000000180002bad f   UE4Editor-Engine:UE4Editor-Engine.dll
 0001:00001bb3       ?IsNameStableForNetworking@AActor@@UEBA_NXZ 0000000180002bb3 f   UE4Editor-Engine:UE4Editor-Engine.dll
 0001:00001bb9       ?IsNetRelevantFor@APawn@@UEBA_NPEBVAActor@@0AEBUFVector@@@Z 0000000180002bb9 f   UE4Editor-Engine:UE4Editor-Engine.dll
 0001:00001bbf       ?IsPlayerControlled@APawn@@UEBA_NXZ 0000000180002bbf f   UE4Editor-Engine:UE4Editor-Engine.dll
 0001:00001bc5       ?IsReadyForFinishDestroy@AActor@@UEAA_NXZ 0000000180002bc5 f   UE4Editor-Engine:UE4Editor-Engine.dll
 0001:00001bcb       ?IsRelevancyOwnerFor@AActor@@UEBA_NPEBV1@00@Z 0000000180002bcb f   UE4Editor-Engine:UE4Editor-Engine.dll
 0001:00001bd1       ?IsReplayRelevantFor@AActor@@UEBA_NPEBV1@0AEBUFVector@@M@Z 0000000180002bd1 f   UE4Editor-Engine:UE4Editor-Engine.dll
 0001:00001bd7       ?IsReplicationPausedForConnection@AActor@@UEAA_NAEBUFNetViewer@@@Z 0000000180002bd7 f   UE4Editor-Engine:UE4Editor-Engine.dll
 0001:00001bdd       ?IsRootComponentCollisionRegistered@AActor@@UEBA_NXZ 0000000180002bdd f   UE4Editor-Engine:UE4Editor-Engine.dll
 0001:00001be3       ?IsSelectable@AActor@@UEBA_NXZ 0000000180002be3 f   UE4Editor-Engine:UE4Editor-Engine.dll
 0001:00001be9       ?IsSelectedInEditor@AActor@@UEBA_NXZ 0000000180002be9 f   UE4Editor-Engine:UE4Editor-Engine.dll
 0001:00001bef       ?IsSupportedForNetworking@AActor@@UEBA_NXZ 0000000180002bef f   UE4Editor-Engine:UE4Editor-Engine.dll
 0001:00001bf5       ?Jump@ACharacter@@UEAAXXZ  0000000180002bf5 f   UE4Editor-Engine:UE4Editor-Engine.dll
 0001:00001bfb       ?K2_DestroyActor@AActor@@UEAAXXZ 0000000180002bfb f   UE4Editor-Engine:UE4Editor-Engine.dll
 0001:00001c01       ?Landed@ACharacter@@UEAAXAEBUFHitResult@@@Z 0000000180002c01 f   UE4Editor-Engine:UE4Editor-Engine.dll
 0001:00001c07       ?LaunchCharacter@ACharacter@@UEAAXUFVector@@_N1@Z 0000000180002c07 f   UE4Editor-Engine:UE4Editor-Engine.dll
 0001:00001c0d       ?LifeSpanExpired@AActor@@UEAAXXZ 0000000180002c0d f   UE4Editor-Engine:UE4Editor-Engine.dll
 0001:00001c13       ?MarkComponentsAsPendingKill@AActor@@UEAAXXZ 0000000180002c13 f   UE4Editor-Engine:UE4Editor-Engine.dll
 0001:00001c19       ?Modify@AActor@@UEAA_N_N@Z 0000000180002c19 f   UE4Editor-Engine:UE4Editor-Engine.dll
 0001:00001c1f       ?MoveBlockedBy@ACharacter@@UEAAXAEBUFHitResult@@@Z 0000000180002c1f f   UE4Editor-Engine:UE4Editor-Engine.dll
 0001:00001c25       ?NeedsLoadForTargetPlatform@AActor@@UEBA_NPEBVITargetPlatform@@@Z 0000000180002c25 f   UE4Editor-Engine:UE4Editor-Engine.dll
 0001:00001c2b       ?NotifyActorBeginCursorOver@AActor@@UEAAXXZ 0000000180002c2b f   UE4Editor-Engine:UE4Editor-Engine.dll
 0001:00001c31       ?NotifyActorBeginOverlap@ACharacter@@UEAAXPEAVAActor@@@Z 0000000180002c31 f   UE4Editor-Engine:UE4Editor-Engine.dll
 0001:00001c37       ?NotifyActorEndCursorOver@AActor@@UEAAXXZ 0000000180002c37 f   UE4Editor-Engine:UE4Editor-Engine.dll
 0001:00001c3d       ?NotifyActorEndOverlap@ACharacter@@UEAAXPEAVAActor@@@Z 0000000180002c3d f   UE4Editor-Engine:UE4Editor-Engine.dll
 0001:00001c43       ?NotifyActorOnClicked@AActor@@UEAAXUFKey@@@Z 0000000180002c43 f   UE4Editor-Engine:UE4Editor-Engine.dll
 0001:00001c49       ?NotifyActorOnInputTouchBegin@AActor@@UEAAXW4Type@ETouchIndex@@@Z 0000000180002c49 f   UE4Editor-Engine:UE4Editor-Engine.dll
 0001:00001c4f       ?NotifyActorOnInputTouchEnd@AActor@@UEAAXW4Type@ETouchIndex@@@Z 0000000180002c4f f   UE4Editor-Engine:UE4Editor-Engine.dll
 0001:00001c55       ?NotifyActorOnInputTouchEnter@AActor@@UEAAXW4Type@ETouchIndex@@@Z 0000000180002c55 f   UE4Editor-Engine:UE4Editor-Engine.dll
 0001:00001c5b       ?NotifyActorOnInputTouchLeave@AActor@@UEAAXW4Type@ETouchIndex@@@Z 0000000180002c5b f   UE4Editor-Engine:UE4Editor-Engine.dll
 0001:00001c61       ?NotifyActorOnReleased@AActor@@UEAAXUFKey@@@Z 0000000180002c61 f   UE4Editor-Engine:UE4Editor-Engine.dll
 0001:00001c67       ?NotifyHit@AActor@@UEAAXPEAVUPrimitiveComponent@@PEAV1@0_NUFVector@@33AEBUFHitResult@@@Z 0000000180002c67 f   UE4Editor-Engine:UE4Editor-Engine.dll
 0001:00001c6d       ?NotifyJumpApex@ACharacter@@UEAAXXZ 0000000180002c6d f   UE4Editor-Engine:UE4Editor-Engine.dll
 0001:00001c73       ?OnActorChannelOpen@AActor@@UEAAXAEAVFInBunch@@PEAVUNetConnection@@@Z 0000000180002c73 f   UE4Editor-Engine:UE4Editor-Engine.dll
 0001:00001c79       ?OnConstruction@AActor@@UEAAXAEBUFTransform@@@Z 0000000180002c79 f   UE4Editor-Engine:UE4Editor-Engine.dll
 0001:00001c7f       ?OnEndCrouch@ACharacter@@UEAAXMM@Z 0000000180002c7f f   UE4Editor-Engine:UE4Editor-Engine.dll
 0001:00001c85       ?OnJumped_Implementation@ACharacter@@UEAAXXZ 0000000180002c85 f   UE4Editor-Engine:UE4Editor-Engine.dll
 0001:00001c8b       ?OnMovementModeChanged@ACharacter@@UEAAXW4EMovementMode@@E@Z 0000000180002c8b f   UE4Editor-Engine:UE4Editor-Engine.dll
 0001:00001c91       ?OnNetCleanup@AActor@@UEAAXPEAVUNetConnection@@@Z 0000000180002c91 f   UE4Editor-Engine:UE4Editor-Engine.dll
 0001:00001c97       ?OnRep_AttachmentReplication@AActor@@UEAAXXZ 0000000180002c97 f   UE4Editor-Engine:UE4Editor-Engine.dll
 0001:00001c9d       ?OnRep_Controller@APawn@@UEAAXXZ 0000000180002c9d f   UE4Editor-Engine:UE4Editor-Engine.dll
 0001:00001ca3       ?OnRep_Instigator@AActor@@UEAAXXZ 0000000180002ca3 f   UE4Editor-Engine:UE4Editor-Engine.dll
 0001:00001ca9       ?OnRep_IsCrouched@ACharacter@@UEAAXXZ 0000000180002ca9 f   UE4Editor-Engine:UE4Editor-Engine.dll
 0001:00001caf       ?OnRep_Owner@AActor@@MEAAXXZ 0000000180002caf f   UE4Editor-Engine:UE4Editor-Engine.dll
 0001:00001cb5       ?OnRep_PlayerState@APawn@@UEAAXXZ 0000000180002cb5 f   UE4Editor-Engine:UE4Editor-Engine.dll
 0001:00001cbb       ?OnRep_ReplicateMovement@AActor@@UEAAXXZ 0000000180002cbb f   UE4Editor-Engine:UE4Editor-Engine.dll
 0001:00001cc1       ?OnRep_ReplicatedBasedMovement@ACharacter@@UEAAXXZ 0000000180002cc1 f   UE4Editor-Engine:UE4Editor-Engine.dll
 0001:00001cc7       ?OnRep_ReplicatedMovement@ACharacter@@UEAAXXZ 0000000180002cc7 f   UE4Editor-Engine:UE4Editor-Engine.dll
 0001:00001ccd       ?OnReplicationPausedChanged@AActor@@UEAAX_N@Z 0000000180002ccd f   UE4Editor-Engine:UE4Editor-Engine.dll
 0001:00001cd3       ?OnSerializeNewActor@AActor@@UEAAXAEAVFOutBunch@@@Z 0000000180002cd3 f   UE4Editor-Engine:UE4Editor-Engine.dll
 0001:00001cd9       ?OnStartCrouch@ACharacter@@UEAAXMM@Z 0000000180002cd9 f   UE4Editor-Engine:UE4Editor-Engine.dll
 0001:00001cdf       ?OnSubobjectCreatedFromReplication@AActor@@UEAAXPEAVUObject@@@Z 0000000180002cdf f   UE4Editor-Engine:UE4Editor-Engine.dll
 0001:00001ce5       ?OnSubobjectDestroyFromReplication@AActor@@UEAAXPEAVUObject@@@Z 0000000180002ce5 f   UE4Editor-Engine:UE4Editor-Engine.dll
 0001:00001ceb       ?OnUpdateSimulatedPosition@ACharacter@@UEAAXAEBUFVector@@AEBUFQuat@@@Z 0000000180002ceb f   UE4Editor-Engine:UE4Editor-Engine.dll
 0001:00001cf1       ?OnWalkingOffLedge_Implementation@ACharacter@@UEAAXAEBUFVector@@00M@Z 0000000180002cf1 f   UE4Editor-Engine:UE4Editor-Engine.dll
 0001:00001cf7       ?OutsideWorldBounds@APawn@@UEAAXXZ 0000000180002cf7 f   UE4Editor-Engine:UE4Editor-Engine.dll
 0001:00001cfd       ?PawnClientRestart@ACharacter@@UEAAXXZ 0000000180002cfd f   UE4Editor-Engine:UE4Editor-Engine.dll
 0001:00001d03       ?PawnStartFire@APawn@@UEAAXE@Z 0000000180002d03 f   UE4Editor-Engine:UE4Editor-Engine.dll
 0001:00001d09       ?PlayAnimMontage@ACharacter@@UEAAMPEAVUAnimMontage@@MVFName@@@Z 0000000180002d09 f   UE4Editor-Engine:UE4Editor-Engine.dll
 0001:00001d0f       ?PossessedBy@ACharacter@@UEAAXPEAVAController@@@Z 0000000180002d0f f   UE4Editor-Engine:UE4Editor-Engine.dll
 0001:00001d15       ?PostActorCreated@AActor@@UEAAXXZ 0000000180002d15 f   UE4Editor-Engine:UE4Editor-Engine.dll
 0001:00001d1b       ?PostEditChangeProperty@APawn@@UEAAXAEAUFPropertyChangedEvent@@@Z 0000000180002d1b f   UE4Editor-Engine:UE4Editor-Engine.dll
 0001:00001d21       ?PostEditImport@AActor@@UEAAXXZ 0000000180002d21 f   UE4Editor-Engine:UE4Editor-Engine.dll
 0001:00001d27       ?PostEditMove@AActor@@UEAAX_N@Z 0000000180002d27 f   UE4Editor-Engine:UE4Editor-Engine.dll
 0001:00001d2d       ?PostEditUndo@AActor@@UEAAXV?$TSharedPtr@VITransactionObjectAnnotation@@$0A@@@@Z 0000000180002d2d f   UE4Editor-Engine:UE4Editor-Engine.dll
 0001:00001d33       ?PostEditUndo@AActor@@UEAAXXZ 0000000180002d33 f   UE4Editor-Engine:UE4Editor-Engine.dll
 0001:00001d39       ?PostInitProperties@AActor@@UEAAXXZ 0000000180002d39 f   UE4Editor-Engine:UE4Editor-Engine.dll
 0001:00001d3f       ?PostInitializeComponents@ACharacter@@UEAAXXZ 0000000180002d3f f   UE4Editor-Engine:UE4Editor-Engine.dll
 0001:00001d45       ?PostLoad@APawn@@UEAAXXZ   0000000180002d45 f   UE4Editor-Engine:UE4Editor-Engine.dll
 0001:00001d4b       ?PostLoadSubobjects@AActor@@UEAAXPEAUFObjectInstancingGraph@@@Z 0000000180002d4b f   UE4Editor-Engine:UE4Editor-Engine.dll
 0001:00001d51       ?PostNetInit@AActor@@UEAAXXZ 0000000180002d51 f   UE4Editor-Engine:UE4Editor-Engine.dll
 0001:00001d57       ?PostNetReceive@ACharacter@@UEAAXXZ 0000000180002d57 f   UE4Editor-Engine:UE4Editor-Engine.dll
 0001:00001d5d       ?PostNetReceiveLocationAndRotation@ACharacter@@UEAAXXZ 0000000180002d5d f   UE4Editor-Engine:UE4Editor-Engine.dll
 0001:00001d63       ?PostNetReceivePhysicState@AActor@@UEAAXXZ 0000000180002d63 f   UE4Editor-Engine:UE4Editor-Engine.dll
 0001:00001d69       ?PostNetReceiveRole@AActor@@UEAAXXZ 0000000180002d69 f   UE4Editor-Engine:UE4Editor-Engine.dll
 0001:00001d6f       ?PostNetReceiveVelocity@APawn@@UEAAXAEBUFVector@@@Z 0000000180002d6f f   UE4Editor-Engine:UE4Editor-Engine.dll
 0001:00001d75       ?PostRegisterAllComponents@APawn@@UEAAXXZ 0000000180002d75 f   UE4Editor-Engine:UE4Editor-Engine.dll
 0001:00001d7b       ?PostRename@AActor@@UEAAXPEAVUObject@@VFName@@@Z 0000000180002d7b f   UE4Editor-Engine:UE4Editor-Engine.dll
 0001:00001d81       ?PostRenderFor@AActor@@UEAAXPEAVAPlayerController@@PEAVUCanvas@@UFVector@@2@Z 0000000180002d81 f   UE4Editor-Engine:UE4Editor-Engine.dll
 0001:00001d87       ?PostUnregisterAllComponents@AActor@@UEAAXXZ 0000000180002d87 f   UE4Editor-Engine:UE4Editor-Engine.dll
 0001:00001d8d       ?PreEditChange@AActor@@UEAAXPEAVUProperty@@@Z 0000000180002d8d f   UE4Editor-Engine:UE4Editor-Engine.dll
 0001:00001d93       ?PreEditUndo@AActor@@UEAAXXZ 0000000180002d93 f   UE4Editor-Engine:UE4Editor-Engine.dll
 0001:00001d99       ?PreInitializeComponents@APawn@@UEAAXXZ 0000000180002d99 f   UE4Editor-Engine:UE4Editor-Engine.dll
 0001:00001d9f       ?PreNetReceive@ACharacter@@UEAAXXZ 0000000180002d9f f   UE4Editor-Engine:UE4Editor-Engine.dll
 0001:00001da5       ?PreRegisterAllComponents@AActor@@UEAAXXZ 0000000180002da5 f   UE4Editor-Engine:UE4Editor-Engine.dll
 0001:00001dab       ?PreReplication@ACharacter@@UEAAXAEAVIRepChangedPropertyTracker@@@Z 0000000180002dab f   UE4Editor-Engine:UE4Editor-Engine.dll
 0001:00001db1       ?PreReplicationForReplay@ACharacter@@UEAAXAEAVIRepChangedPropertyTracker@@@Z 0000000180002db1 f   UE4Editor-Engine:UE4Editor-Engine.dll
 0001:00001db7       ?PrestreamTextures@AActor@@UEAAXM_NH@Z 0000000180002db7 f   UE4Editor-Engine:UE4Editor-Engine.dll
 0001:00001dbd       ?ProcessEvent@AActor@@UEAAXPEAVUFunction@@PEAX@Z 0000000180002dbd f   UE4Editor-Engine:UE4Editor-Engine.dll
 0001:00001dc3       ?ReachedDesiredRotation@APawn@@UEAA_NXZ 0000000180002dc3 f   UE4Editor-Engine:UE4Editor-Engine.dll
 0001:00001dc9       ?RecalculateBaseEyeHeight@ACharacter@@UEAAXXZ 0000000180002dc9 f   UE4Editor-Engine:UE4Editor-Engine.dll
 0001:00001dcf       ?RegisterActorTickFunctions@AActor@@MEAAX_N@Z 0000000180002dcf f   UE4Editor-Engine:UE4Editor-Engine.dll
 0001:00001dd5       ?RegisterAllComponents@AActor@@UEAAXXZ 0000000180002dd5 f   UE4Editor-Engine:UE4Editor-Engine.dll
 0001:00001ddb       ?RemoveTickPrerequisiteActor@AActor@@UEAAXPEAV1@@Z 0000000180002ddb f   UE4Editor-Engine:UE4Editor-Engine.dll
 0001:00001de1       ?RemoveTickPrerequisiteComponent@AActor@@UEAAXPEAVUActorComponent@@@Z 0000000180002de1 f   UE4Editor-Engine:UE4Editor-Engine.dll
 0001:00001de7       ?Rename@AActor@@UEAA_NPEB_WPEAVUObject@@I@Z 0000000180002de7 f   UE4Editor-Engine:UE4Editor-Engine.dll
 0001:00001ded       ?ReplicateSubobjects@AActor@@UEAA_NPEAVUActorChannel@@PEAVFOutBunch@@PEAUFReplicationFlags@@@Z 0000000180002ded f   UE4Editor-Engine:UE4Editor-Engine.dll
 0001:00001df3       ?ReregisterAllComponents@AActor@@UEAAXXZ 0000000180002df3 f   UE4Editor-Engine:UE4Editor-Engine.dll
 0001:00001df9       ?RerunConstructionScripts@AActor@@UEAAXXZ 0000000180002df9 f   UE4Editor-Engine:UE4Editor-Engine.dll
 0001:00001dff       ?Reset@APawn@@UEAAXXZ      0000000180002dff f   UE4Editor-Engine:UE4Editor-Engine.dll
 0001:00001e05       ?ResetJumpState@ACharacter@@UEAAXXZ 0000000180002e05 f   UE4Editor-Engine:UE4Editor-Engine.dll
 0001:00001e0b       ?Restart@ACharacter@@UEAAXXZ 0000000180002e0b f   UE4Editor-Engine:UE4Editor-Engine.dll
 0001:00001e11       ?RewindForReplay@AActor@@UEAAXXZ 0000000180002e11 f   UE4Editor-Engine:UE4Editor-Engine.dll
 0001:00001e17       ?RootMotionDebugClientPrintOnScreen_Implementation@ACharacter@@UEAAXAEBVFString@@@Z 0000000180002e17 f   UE4Editor-Engine:UE4Editor-Engine.dll
 0001:00001e1d       ?Serialize@AActor@@UEAAXAEAVFArchive@@@Z 0000000180002e1d f   UE4Editor-Engine:UE4Editor-Engine.dll
 0001:00001e23       ?Serialize@AActor@@UEAAXVFRecord@FStructuredArchive@@@Z 0000000180002e23 f   UE4Editor-Engine:UE4Editor-Engine.dll
 0001:00001e29       ?SetActorHiddenInGame@AActor@@UEAAX_N@Z 0000000180002e29 f   UE4Editor-Engine:UE4Editor-Engine.dll
 0001:00001e2f       ?SetBase@ACharacter@@UEAAXPEAVUPrimitiveComponent@@VFName@@_N@Z 0000000180002e2f f   UE4Editor-Engine:UE4Editor-Engine.dll
 0001:00001e35       ?SetIsTemporarilyHiddenInEditor@AActor@@UEAAX_N@Z 0000000180002e35 f   UE4Editor-Engine:UE4Editor-Engine.dll
 0001:00001e3b       ?SetLifeSpan@AActor@@UEAAXM@Z 0000000180002e3b f   UE4Editor-Engine:UE4Editor-Engine.dll
 0001:00001e41       ?SetOwner@AActor@@UEAAXPEAV1@@Z 0000000180002e41 f   UE4Editor-Engine:UE4Editor-Engine.dll
 0001:00001e47       ?SetPlayerDefaults@APawn@@UEAAXXZ 0000000180002e47 f   UE4Editor-Engine:UE4Editor-Engine.dll
 0001:00001e4d       ?SetReplicateMovement@ACharacter@@UEAAX_N@Z 0000000180002e4d f   UE4Editor-Engine:UE4Editor-Engine.dll
 0001:00001e53       ?ShouldExport@AActor@@UEAA_NXZ 0000000180002e53 f   UE4Editor-Engine:UE4Editor-Engine.dll
 0001:00001e59       ?ShouldImport@AActor@@UEAA_NPEAVFString@@_N@Z 0000000180002e59 f   UE4Editor-Engine:UE4Editor-Engine.dll
 0001:00001e5f       ?ShouldNotifyLanded@ACharacter@@UEAA_NAEBUFHitResult@@@Z 0000000180002e5f f   UE4Editor-Engine:UE4Editor-Engine.dll
 0001:00001e65       ?ShouldTakeDamage@APawn@@UEBA_NMAEBUFDamageEvent@@PEAVAController@@PEAVAActor@@@Z 0000000180002e65 f   UE4Editor-Engine:UE4Editor-Engine.dll
 0001:00001e6b       ?ShouldTickIfViewportsOnly@APawn@@UEBA_NXZ 0000000180002e6b f   UE4Editor-Engine:UE4Editor-Engine.dll
 0001:00001e71       ?SpawnDefaultController@APawn@@UEAAXXZ 0000000180002e71 f   UE4Editor-Engine:UE4Editor-Engine.dll
 0001:00001e77       ?StopAnimMontage@ACharacter@@UEAAXPEAVUAnimMontage@@@Z 0000000180002e77 f   UE4Editor-Engine:UE4Editor-Engine.dll
 0001:00001e7d       ?StopJumping@ACharacter@@UEAAXXZ 0000000180002e7d f   UE4Editor-Engine:UE4Editor-Engine.dll
 0001:00001e83       ?TakeDamage@APawn@@UEAAMMAEBUFDamageEvent@@PEAVAController@@PEAVAActor@@@Z 0000000180002e83 f   UE4Editor-Engine:UE4Editor-Engine.dll
 0001:00001e89       ?TearOff@AActor@@UEAAXXZ   0000000180002e89 f   UE4Editor-Engine:UE4Editor-Engine.dll
 0001:00001e8f       ?TeleportSucceeded@APawn@@UEAAX_N@Z 0000000180002e8f f   UE4Editor-Engine:UE4Editor-Engine.dll
 0001:00001e95       ?TeleportTo@AActor@@UEAA_NAEBUFVector@@AEBUFRotator@@_N2@Z 0000000180002e95 f   UE4Editor-Engine:UE4Editor-Engine.dll
 0001:00001e9b       ?TickActor@AActor@@UEAAXMW4ELevelTick@@AEAUFActorTickFunction@@@Z 0000000180002e9b f   UE4Editor-Engine:UE4Editor-Engine.dll
 0001:00001ea1       ?TornOff@ACharacter@@UEAAXXZ 0000000180002ea1 f   UE4Editor-Engine:UE4Editor-Engine.dll
 0001:00001ea7       ?TurnOff@ACharacter@@UEAAXXZ 0000000180002ea7 f   UE4Editor-Engine:UE4Editor-Engine.dll
 0001:00001ead       ?UnCrouch@ACharacter@@UEAAX_N@Z 0000000180002ead f   UE4Editor-Engine:UE4Editor-Engine.dll
 0001:00001eb3       ?UnPossessed@ACharacter@@UEAAXXZ 0000000180002eb3 f   UE4Editor-Engine:UE4Editor-Engine.dll
 0001:00001eb9       ?UnregisterAllComponents@AActor@@UEAAX_N@Z 0000000180002eb9 f   UE4Editor-Engine:UE4Editor-Engine.dll
 0001:00001ebf       ?UpdateNavigationRelevance@ACharacter@@UEAAXXZ 0000000180002ebf f   UE4Editor-Engine:UE4Editor-Engine.dll
 0001:00001ec5       ?UseShortConnectTimeout@AActor@@UEBA_NXZ 0000000180002ec5 f   UE4Editor-Engine:UE4Editor-Engine.dll
 0001:00001ecb       ?_getUObject@APawn@@UEBAPEAVUObject@@XZ 0000000180002ecb f   UE4Editor-Engine:UE4Editor-Engine.dll
 0001:00001ed1       ?AddReferencedObjects@AActor@@SAXPEAVUObject@@AEAVFReferenceCollector@@@Z 0000000180002ed1 f   UE4Editor-Engine:UE4Editor-Engine.dll
 0001:00001ed7       ?StaticConfigName@APawn@@SAPEB_WXZ 0000000180002ed7 f   UE4Editor-Engine:UE4Editor-Engine.dll
 0001:00001edd       ?StaticClass@ACharacter@@SAPEAVUClass@@XZ 0000000180002edd f   UE4Editor-Engine:UE4Editor-Engine.dll
 0001:00001ee3       ??0ACharacter@@QEAA@AEAVFVTableHelper@@@Z 0000000180002ee3 f   UE4Editor-Engine:UE4Editor-Engine.dll
 0001:00001ee9       ?Z_Construct_UClass_ACharacter@@YAPEAVUClass@@XZ 0000000180002ee9 f   UE4Editor-Engine:UE4Editor-Engine.dll
 0001:00001eef       ?Malloc@FMemory@@SAPEAX_KI@Z 0000000180002eef f   UE4Editor-Core:UE4Editor-Core.dll
 0001:00001ef5       ?Free@FMemory@@SAXPEAX@Z   0000000180002ef5 f   UE4Editor-Core:UE4Editor-Core.dll
 0001:00001efb       ?GetNameTableForDebuggerVisualizers_MT@FName@@SAPEAPEAPEAUFNameEntry@@XZ 0000000180002efb f   UE4Editor-Core:UE4Editor-Core.dll
 0001:00001f01       ?IsDebuggerPresent@FWindowsPlatformMisc@@SA_NXZ 0000000180002f01 f   UE4Editor-Core:UE4Editor-Core.dll
 0001:00001f07       ?PromptForRemoteDebugging@FWindowsPlatformMisc@@SAX_N@Z 0000000180002f07 f   UE4Editor-Core:UE4Editor-Core.dll
 0001:00001f0d       ?AssertFailed@FDebug@@SAXPEBD0HPEB_WZZ 0000000180002f0d f   UE4Editor-Core:UE4Editor-Core.dll
 0001:00001f13       ?LogAssertFailedMessageImpl@FDebug@@CAXPEBD0HPEB_WZZ 0000000180002f13 f   UE4Editor-Core:UE4Editor-Core.dll
 0001:00001f19       ?Realloc@FMemory@@SAPEAXPEAX_KI@Z 0000000180002f19 f   UE4Editor-Core:UE4Editor-Core.dll
 0001:00001f1f       ?QuantizeSize@FMemory@@SA_K_KI@Z 0000000180002f1f f   UE4Editor-Core:UE4Editor-Core.dll
 0001:00001f25       ??0FName@@QEAA@PEB_WW4EFindName@@@Z 0000000180002f25 f   UE4Editor-Core:UE4Editor-Core.dll
 0001:00001f2b       ??0FLLMScope@@QEAA@W4ELLMTag@@W4ELLMTagSet@@W4ELLMTracker@@@Z 0000000180002f2b f   UE4Editor-Core:UE4Editor-Core.dll
 0001:00001f31       ??1FLLMScope@@QEAA@XZ      0000000180002f31 f   UE4Editor-Core:UE4Editor-Core.dll
 0001:00001f37       ?GetTransientPackage@@YAPEAVUPackage@@XZ 0000000180002f37 f   UE4Editor-CoreUObject:UE4Editor-CoreUObject.dll
 0001:00001f3d       ?StaticAllocateObject@@YAPEAVUObject@@PEAVUClass@@PEAV1@VFName@@W4EObjectFlags@@W4EInternalObjectFlags@@_NPEA_N@Z 0000000180002f3d f   UE4Editor-CoreUObject:UE4Editor-CoreUObject.dll
 0001:00001f43       ?Get@FObjectInitializer@@SAAEAV1@XZ 0000000180002f43 f   UE4Editor-CoreUObject:UE4Editor-CoreUObject.dll
 0001:00001f49       ?AreNativePropertiesIdenticalTo@UObject@@UEBA_NPEAV1@@Z 0000000180002f49 f   UE4Editor-CoreUObject:UE4Editor-CoreUObject.dll
 0001:00001f4f       ?BeginCacheForCookedPlatformData@UObject@@UEAAXPEBVITargetPlatform@@@Z 0000000180002f4f f   UE4Editor-CoreUObject:UE4Editor-CoreUObject.dll
 0001:00001f55       ?BuildSubobjectMapping@UObject@@UEBAXPEAV1@AEAV?$TMap@PEAVUObject@@PEAV1@VFDefaultSetAllocator@@U?$TDefaultMapHashableKeyFuncs@PEAVUObject@@PEAV1@$0A@@@@@@Z 0000000180002f55 f   UE4Editor-CoreUObject:UE4Editor-CoreUObject.dll
 0001:00001f5b       ?CanBeClusterRoot@UObjectBaseUtility@@UEBA_NXZ 0000000180002f5b f   UE4Editor-CoreUObject:UE4Editor-CoreUObject.dll
 0001:00001f61       ?CanEditChange@UObject@@UEBA_NPEBVUProperty@@@Z 0000000180002f61 f   UE4Editor-CoreUObject:UE4Editor-CoreUObject.dll
 0001:00001f67       ?ClearAllCachedCookedPlatformData@UObject@@UEAAXXZ 0000000180002f67 f   UE4Editor-CoreUObject:UE4Editor-CoreUObject.dll
 0001:00001f6d       ?ClearCachedCookedPlatformData@UObject@@UEAAXPEBVITargetPlatform@@@Z 0000000180002f6d f   UE4Editor-CoreUObject:UE4Editor-CoreUObject.dll
 0001:00001f73       ?CookAdditionalFiles@UObject@@UEAAXPEB_WPEBVITargetPlatform@@@Z 0000000180002f73 f   UE4Editor-CoreUObject:UE4Editor-CoreUObject.dll
 0001:00001f79       ?CreateCluster@UObjectBaseUtility@@UEAAXXZ 0000000180002f79 f   UE4Editor-CoreUObject:UE4Editor-CoreUObject.dll
 0001:00001f7f       ?DeferredRegister@UObjectBase@@MEAAXPEAVUClass@@PEB_W1@Z 0000000180002f7f f   UE4Editor-CoreUObject:UE4Editor-CoreUObject.dll
 0001:00001f85       ?ExportCustomProperties@UObject@@UEAAXAEAVFOutputDevice@@I@Z 0000000180002f85 f   UE4Editor-CoreUObject:UE4Editor-CoreUObject.dll
 0001:00001f8b       ?FinishDestroy@UObject@@UEAAXXZ 0000000180002f8b f   UE4Editor-CoreUObject:UE4Editor-CoreUObject.dll
 0001:00001f91       ?GetAssetRegistryTagMetadata@UObject@@UEBAXAEAV?$TMap@VFName@@UFAssetRegistryTagMetadata@UObject@@VFDefaultSetAllocator@@U?$TDefaultMapHashableKeyFuncs@VFName@@UFAssetRegistryTagMetadata@UObject@@$0A@@@@@@Z 0000000180002f91 f   UE4Editor-CoreUObject:UE4Editor-CoreUObject.dll
 0001:00001f97       ?GetAssetRegistryTags@UObject@@UEBAXAEAV?$TArray@UFAssetRegistryTag@UObject@@VFDefaultAllocator@@@@@Z 0000000180002f97 f   UE4Editor-CoreUObject:UE4Editor-CoreUObject.dll
 0001:00001f9d       ?GetConfigOverridePlatform@UObject@@UEBAPEB_WXZ 0000000180002f9d f   UE4Editor-CoreUObject:UE4Editor-CoreUObject.dll
 0001:00001fa3       ?GetDesc@UObject@@UEAA?AVFString@@XZ 0000000180002fa3 f   UE4Editor-CoreUObject:UE4Editor-CoreUObject.dll
 0001:00001fa9       ?GetDetailedInfoInternal@UObject@@MEBA?AVFString@@XZ 0000000180002fa9 f   UE4Editor-CoreUObject:UE4Editor-CoreUObject.dll
 0001:00001faf       ?GetExporterName@UObject@@UEAA?AVFName@@XZ 0000000180002faf f   UE4Editor-CoreUObject:UE4Editor-CoreUObject.dll
 0001:00001fb5       ?GetNativePropertyValues@UObject@@UEBA_NAEAV?$TMap@VFString@@V1@VFDefaultSetAllocator@@U?$TDefaultMapHashableKeyFuncs@VFString@@V1@$0A@@@@@I@Z 0000000180002fb5 f   UE4Editor-CoreUObject:UE4Editor-CoreUObject.dll
 0001:00001fbb       ?GetPreloadDependencies@UObject@@UEAAXAEAV?$TArray@PEAVUObject@@VFDefaultAllocator@@@@@Z 0000000180002fbb f   UE4Editor-CoreUObject:UE4Editor-CoreUObject.dll
 0001:00001fc1       ?GetPrestreamPackages@UObject@@UEAAXAEAV?$TArray@PEAVUObject@@VFDefaultAllocator@@@@@Z 0000000180002fc1 f   UE4Editor-CoreUObject:UE4Editor-CoreUObject.dll
 0001:00001fc7       ?GetPrimaryAssetId@UObject@@UEBA?AUFPrimaryAssetId@@XZ 0000000180002fc7 f   UE4Editor-CoreUObject:UE4Editor-CoreUObject.dll
 0001:00001fcd       ?GetResourceSizeEx@UObject@@UEAAXAEAUFResourceSizeEx@@@Z 0000000180002fcd f   UE4Editor-CoreUObject:UE4Editor-CoreUObject.dll
 0001:00001fd3       ?GetRestoreForUObjectOverwrite@UObject@@UEAAPEAVFRestoreForUObjectOverwrite@@XZ 0000000180002fd3 f   UE4Editor-CoreUObject:UE4Editor-CoreUObject.dll
 0001:00001fd9       ?ImportCustomProperties@UObject@@UEAAXPEB_WPEAVFFeedbackContext@@@Z 0000000180002fd9 f   UE4Editor-CoreUObject:UE4Editor-CoreUObject.dll
 0001:00001fdf       ?IsAsset@UObject@@UEBA_NXZ 0000000180002fdf f   UE4Editor-CoreUObject:UE4Editor-CoreUObject.dll
 0001:00001fe5       ?IsCachedCookedPlatformDataLoaded@UObject@@UEAA_NPEBVITargetPlatform@@@Z 0000000180002fe5 f   UE4Editor-CoreUObject:UE4Editor-CoreUObject.dll
 0001:00001feb       ?IsFullNameStableForNetworking@UObject@@UEBA_NXZ 0000000180002feb f   UE4Editor-CoreUObject:UE4Editor-CoreUObject.dll
 0001:00001ff1       ?IsLocalizedResource@UObject@@UEBA_NXZ 0000000180002ff1 f   UE4Editor-CoreUObject:UE4Editor-CoreUObject.dll
 0001:00001ff7       ?IsPostLoadThreadSafe@UObject@@UEBA_NXZ 0000000180002ff7 f   UE4Editor-CoreUObject:UE4Editor-CoreUObject.dll
 0001:00001ffd       ?IsSafeForRootSet@UObject@@UEBA_NXZ 0000000180002ffd f   UE4Editor-CoreUObject:UE4Editor-CoreUObject.dll
 0001:00002003       ?LoadedFromAnotherClass@UObject@@UEAAXAEBVFName@@@Z 0000000180003003 f   UE4Editor-CoreUObject:UE4Editor-CoreUObject.dll
 0001:00002009       ?MarkAsEditorOnlySubobject@UObject@@UEAAXXZ 0000000180003009 f   UE4Editor-CoreUObject:UE4Editor-CoreUObject.dll
 0001:0000200f       ?NeedsLoadForClient@UObject@@UEBA_NXZ 000000018000300f f   UE4Editor-CoreUObject:UE4Editor-CoreUObject.dll
 0001:00002015       ?NeedsLoadForEditorGame@UObject@@UEBA_NXZ 0000000180003015 f   UE4Editor-CoreUObject:UE4Editor-CoreUObject.dll
 0001:0000201b       ?NeedsLoadForServer@UObject@@UEBA_NXZ 000000018000301b f   UE4Editor-CoreUObject:UE4Editor-CoreUObject.dll
 0001:00002021       ?NotifyObjectReferenceEliminated@UObject@@UEBAXXZ 0000000180003021 f   UE4Editor-CoreUObject:UE4Editor-CoreUObject.dll
 0001:00002027       ?OnClusterMarkedAsPendingKill@UObjectBaseUtility@@UEAAXXZ 0000000180003027 f   UE4Editor-CoreUObject:UE4Editor-CoreUObject.dll
 0001:0000202d       ?PostCDOContruct@UObject@@UEAAXXZ 000000018000302d f   UE4Editor-CoreUObject:UE4Editor-CoreUObject.dll
 0001:00002033       ?PostDuplicate@UObject@@UEAAXW4Type@EDuplicateMode@@@Z 0000000180003033 f   UE4Editor-CoreUObject:UE4Editor-CoreUObject.dll
 0001:00002039       ?PostDuplicate@UObject@@UEAAX_N@Z 0000000180003039 f   UE4Editor-CoreUObject:UE4Editor-CoreUObject.dll
 0001:0000203f       ?PostEditChangeChainProperty@UObject@@UEAAXAEAUFPropertyChangedChainEvent@@@Z 000000018000303f f   UE4Editor-CoreUObject:UE4Editor-CoreUObject.dll
 0001:00002045       ?PostInterpChange@UObject@@UEAAXPEAVUProperty@@@Z 0000000180003045 f   UE4Editor-CoreUObject:UE4Editor-CoreUObject.dll
 0001:0000204b       ?PostLinkerChange@UObject@@UEAAXXZ 000000018000304b f   UE4Editor-CoreUObject:UE4Editor-CoreUObject.dll
 0001:00002051       ?PostReloadConfig@UObject@@UEAAXPEAVUProperty@@@Z 0000000180003051 f   UE4Editor-CoreUObject:UE4Editor-CoreUObject.dll
 0001:00002057       ?PostRepNotifies@UObject@@UEAAXXZ 0000000180003057 f   UE4Editor-CoreUObject:UE4Editor-CoreUObject.dll
 0001:0000205d       ?PostSaveRoot@UObject@@UEAAX_N@Z 000000018000305d f   UE4Editor-CoreUObject:UE4Editor-CoreUObject.dll
 0001:00002063       ?PostTransacted@UObject@@UEAAXAEBVFTransactionObjectEvent@@@Z 0000000180003063 f   UE4Editor-CoreUObject:UE4Editor-CoreUObject.dll
 0001:00002069       ?PreDestroyFromReplication@UObject@@UEAAXXZ 0000000180003069 f   UE4Editor-CoreUObject:UE4Editor-CoreUObject.dll
 0001:0000206f       ?PreEditChange@UObject@@UEAAXAEAVFEditPropertyChain@@@Z 000000018000306f f   UE4Editor-CoreUObject:UE4Editor-CoreUObject.dll
 0001:00002075       ?PreSave@UObject@@UEAAXPEBVITargetPlatform@@@Z 0000000180003075 f   UE4Editor-CoreUObject:UE4Editor-CoreUObject.dll
 0001:0000207b       ?PreSaveRoot@UObject@@UEAA_NPEB_W@Z 000000018000307b f   UE4Editor-CoreUObject:UE4Editor-CoreUObject.dll
 0001:00002081       ?ProcessConsoleExec@UObject@@UEAA_NPEB_WAEAVFOutputDevice@@PEAV1@@Z 0000000180003081 f   UE4Editor-CoreUObject:UE4Editor-CoreUObject.dll
 0001:00002087       ?RegenerateClass@UObject@@UEAAPEAVUClass@@PEAV2@PEAV1@AEAV?$TArray@PEAVUObject@@VFDefaultAllocator@@@@@Z 0000000180003087 f   UE4Editor-CoreUObject:UE4Editor-CoreUObject.dll
 0001:0000208d       ?RegisterDependencies@UObjectBase@@MEAAXXZ 000000018000308d f   UE4Editor-CoreUObject:UE4Editor-CoreUObject.dll
 0001:00002093       ?ShutdownAfterError@UObject@@UEAAXXZ 0000000180003093 f   UE4Editor-CoreUObject:UE4Editor-CoreUObject.dll
 0001:00002099       ?TagSubobjects@UObject@@UEAAXW4EObjectFlags@@@Z 0000000180003099 f   UE4Editor-CoreUObject:UE4Editor-CoreUObject.dll
 0001:0000209f       ?WillNeverCacheCookedPlatformDataAgain@UObject@@UEAAXXZ 000000018000309f f   UE4Editor-CoreUObject:UE4Editor-CoreUObject.dll
 0001:000020a5       ?ConstructUPackage@UE4CodeGen_Private@@YAXAEAPEAVUPackage@@AEBUFPackageParams@1@@Z 00000001800030a5 f   UE4Editor-CoreUObject:UE4Editor-CoreUObject.dll
 0001:000020ab       ?GetConvertedDynamicPackageNameToTypeName@@YAAEAV?$TMap@VFName@@V1@VFDefaultSetAllocator@@U?$TDefaultMapHashableKeyFuncs@VFName@@V1@$0A@@@@@XZ 00000001800030ab f   UE4Editor-CoreUObject:UE4Editor-CoreUObject.dll
 0001:000020b1       ?ConstructUClass@UE4CodeGen_Private@@YAXAEAPEAVUClass@@AEBUFClassParams@1@@Z 00000001800030b1 f   UE4Editor-CoreUObject:UE4Editor-CoreUObject.dll
 0001:000020b7       ?UClassCompiledInDefer@@YAXPEAUFFieldCompiledInInfo@@PEB_W_KI@Z 00000001800030b7 f   UE4Editor-CoreUObject:UE4Editor-CoreUObject.dll
 0001:000020bd       ?UObjectCompiledInDefer@@YAXP6APEAVUClass@@XZ0PEB_W1_N1P6AXAEAV?$TMap@VFName@@V1@VFDefaultSetAllocator@@U?$TDefaultMapHashableKeyFuncs@VFName@@V1@$0A@@@@@@Z@Z 00000001800030bd f   UE4Editor-CoreUObject:UE4Editor-CoreUObject.dll
 0001:000020c3       ?StaticClass@UObject@@SAPEAVUClass@@XZ 00000001800030c3 f   UE4Editor-CoreUObject:UE4Editor-CoreUObject.dll
 0001:000020c9       ?GetPrivateStaticClassBody@@YAXPEB_W0AEAPEAVUClass@@P6AXXZIW4EClassFlags@@W4EClassCastFlags@@0P6AXAEBVFObjectInitializer@@@ZP6APEAVUObject@@AEAVFVTableHelper@@@ZP6AXPEAV5@AEAVFReferenceCollector@@@ZP6APEAV1@XZP6APEAV1@XZ_N@Z 00000001800030c9 f   UE4Editor-CoreUObject:UE4Editor-CoreUObject.dll
 0001:000020f0       __local_stdio_printf_options 00000001800030f0 f i legacy_stdio_wide_specifiers:legacy_stdio_wide_specifiers.obj
 0001:000020f8       __local_stdio_scanf_options 00000001800030f8 f i legacy_stdio_wide_specifiers:legacy_stdio_wide_specifiers.obj
 0001:00002100       ??_M@YAXPEAX_K1P6AX0@Z@Z   0000000180003100 f   MSVCRT:ehvecdtr.obj
 0001:0000216c       ??_M@YAXPEAX_KHP6AX0@Z@Z   000000018000316c f   MSVCRT:ehvecdtr.obj
 0001:00002190       ?__ArrayUnwind@@YAXPEAX_K1P6AX0@Z@Z 0000000180003190 f   MSVCRT:ehvecdtr.obj
 0001:00002540       _CRT_INIT                  0000000180003540 f   MSVCRT:dll_dllmain.obj
 0001:00002548       _DllMainCRTStartup         0000000180003548 f   MSVCRT:dll_dllmain.obj
 0001:00002588       _guard_check_icall_nop     0000000180003588 f i MSVCRT:guard_support.obj
 0001:0000258c       ReadNoFence64              000000018000358c f i MSVCRT:guard_support.obj
 0001:00002590       ReadPointerNoFence         0000000180003590 f i MSVCRT:guard_support.obj
 0001:00002594       _guard_icall_checks_enforced 0000000180003594 f i MSVCRT:guard_support.obj
 0001:000025ac       _guard_rf_checks_enforced  00000001800035ac f i MSVCRT:guard_support.obj
 0001:0000261c       __security_init_cookie     000000018000361c f   MSVCRT:gs_support.obj
 0001:000026c8       DllMain                    00000001800036c8 f   MSVCRT:dll_dllmain_stub.obj
 0001:000026ec       ?__scrt_initialize_type_info@@YAXXZ 00000001800036ec f   MSVCRT:tncleanup.obj
 0001:000026fc       ?__scrt_uninitialize_type_info@@YAXXZ 00000001800036fc f   MSVCRT:tncleanup.obj
 0001:00002708       __scrt_initialize_default_local_stdio_options 0000000180003708 f   MSVCRT:default_local_stdio_options.obj
 0001:00002724       ??$__crt_fast_decode_pointer@PEAP6AXXZ@@YAPEAP6AXXZQEAP6AXXZ@Z 0000000180003724 f i MSVCRT:utility.obj
 0001:0000273c       ??$__crt_fast_encode_pointer@PEAP6AXXZ@@YAPEAP6AXXZQEAP6AXXZ@Z 000000018000373c f i MSVCRT:utility.obj
 0001:0000275c       ?__crt_rotate_pointer_value@@YA_K_KH@Z 000000018000375c f i MSVCRT:utility.obj
 0001:00002768       ?configure_argv@__scrt_narrow_argv_policy@@SAHXZ 0000000180003768 f i MSVCRT:utility.obj
 0001:000027c8       ?initialize_environment@__scrt_narrow_environment_policy@@SAHXZ 00000001800037c8 f i MSVCRT:utility.obj
 0001:00002800       NtCurrentTeb               0000000180003800 f i MSVCRT:utility.obj
 0001:0000280c       __scrt_acquire_startup_lock 000000018000380c f   MSVCRT:utility.obj
 0001:00002848       __scrt_dllmain_after_initialize_c 0000000180003848 f   MSVCRT:utility.obj
 0001:0000287c       __scrt_dllmain_before_initialize_c 000000018000387c f   MSVCRT:utility.obj
 0001:00002894       __scrt_dllmain_crt_thread_attach 0000000180003894 f   MSVCRT:utility.obj
 0001:000028bc       __scrt_dllmain_crt_thread_detach 00000001800038bc f   MSVCRT:utility.obj
 0001:000028d4       __scrt_dllmain_exception_filter 00000001800038d4 f   MSVCRT:utility.obj
 0001:00002934       __scrt_dllmain_uninitialize_c 0000000180003934 f   MSVCRT:utility.obj
 0001:00002964       __scrt_dllmain_uninitialize_critical 0000000180003964 f   MSVCRT:utility.obj
 0001:00002978       __scrt_initialize_crt      0000000180003978 f   MSVCRT:utility.obj
 0001:000029c4       __scrt_initialize_onexit_tables 00000001800039c4 f   MSVCRT:utility.obj
 0001:00002a9c       __scrt_is_nonwritable_in_current_image 0000000180003a9c f   MSVCRT:utility.obj
 0001:00002b38       __scrt_release_startup_lock 0000000180003b38 f   MSVCRT:utility.obj
 0001:00002b5c       __scrt_uninitialize_crt    0000000180003b5c f   MSVCRT:utility.obj
 0001:00002b88       _onexit                    0000000180003b88 f   MSVCRT:utility.obj
 0001:00002bd8       at_quick_exit              0000000180003bd8 f   MSVCRT:utility.obj
 0001:00002c10       atexit                     0000000180003c10 f   MSVCRT:utility.obj
 0001:00002c28       __scrt_get_dyn_tls_init_callback 0000000180003c28 f   MSVCRT:dyn_tls_init.obj
 0001:00002c30       __crt_debugger_hook        0000000180003c30 f   MSVCRT:utility_desktop.obj
 0001:00002c38       __scrt_fastfail            0000000180003c38 f   MSVCRT:utility_desktop.obj
 0001:00002d84       __scrt_get_show_window_mode 0000000180003d84 f   MSVCRT:utility_desktop.obj
 0001:00002dc0       __scrt_initialize_mta      0000000180003dc0 f   MSVCRT:utility_desktop.obj
 0001:00002dc8       __scrt_initialize_winrt    0000000180003dc8 f   MSVCRT:utility_desktop.obj
 0001:00002dcc       __scrt_is_managed_app      0000000180003dcc f   MSVCRT:utility_desktop.obj
 0001:00002e20       __scrt_set_unhandled_exception_filter 0000000180003e20 f   MSVCRT:utility_desktop.obj
 0001:00002e30       __scrt_stub_for_initialize_mta 0000000180003e30 f   MSVCRT:utility_desktop.obj
 0001:00002e30       __scrt_exe_initialize_mta  0000000180003e30 f   MSVCRT:utility_desktop.obj
 0001:00002e34       __scrt_unhandled_exception_filter 0000000180003e34 f   MSVCRT:utility_desktop.obj
 0001:00002e6c       _RTC_Initialize            0000000180003e6c f   MSVCRT:_initsect_.obj
 0001:00002ea8       _RTC_Terminate             0000000180003ea8 f   MSVCRT:_initsect_.obj
 0001:00002ef0       __isa_available_init       0000000180003ef0 f   MSVCRT:_cpu_disp_.obj
 0001:000030ac       _get_startup_argv_mode     00000001800040ac f   MSVCRT:argv_mode.obj
 0001:000030b4       __scrt_is_ucrt_dll_in_use  00000001800040b4 f   MSVCRT:ucrt_detection.obj
 0001:000030c0       __std_terminate            00000001800040c0 f   vcruntime:VCRUNTIME140.dll
 0001:000030c6       __CxxFrameHandler3         00000001800040c6 f   vcruntime:VCRUNTIME140.dll
 0001:000030cc       _purecall                  00000001800040cc f   vcruntime:VCRUNTIME140.dll
 0001:000030d2       memmove                    00000001800040d2 f   vcruntime:VCRUNTIME140.dll
 0001:000030d8       memset                     00000001800040d8 f   vcruntime:VCRUNTIME140.dll
 0001:000030de       __C_specific_handler       00000001800040de f   vcruntime:VCRUNTIME140.dll
 0001:000030e4       __std_type_info_destroy_list 00000001800040e4 f   vcruntime:VCRUNTIME140.dll
 0001:000030ea       terminate                  00000001800040ea f   ucrt:api-ms-win-crt-runtime-l1-1-0.dll
 0001:000030f0       _initterm                  00000001800040f0 f   ucrt:api-ms-win-crt-runtime-l1-1-0.dll
 0001:000030f6       _initterm_e                00000001800040f6 f   ucrt:api-ms-win-crt-runtime-l1-1-0.dll
 0001:000030fc       _seh_filter_dll            00000001800040fc f   ucrt:api-ms-win-crt-runtime-l1-1-0.dll
 0001:00003102       _configure_narrow_argv     0000000180004102 f   ucrt:api-ms-win-crt-runtime-l1-1-0.dll
 0001:00003108       _initialize_narrow_environment 0000000180004108 f   ucrt:api-ms-win-crt-runtime-l1-1-0.dll
 0001:0000310e       _initialize_onexit_table   000000018000410e f   ucrt:api-ms-win-crt-runtime-l1-1-0.dll
 0001:00003114       _register_onexit_function  0000000180004114 f   ucrt:api-ms-win-crt-runtime-l1-1-0.dll
 0001:0000311a       _execute_onexit_table      000000018000411a f   ucrt:api-ms-win-crt-runtime-l1-1-0.dll
 0001:00003120       _crt_atexit                0000000180004120 f   ucrt:api-ms-win-crt-runtime-l1-1-0.dll
 0001:00003126       _crt_at_quick_exit         0000000180004126 f   ucrt:api-ms-win-crt-runtime-l1-1-0.dll
 0001:0000312c       _cexit                     000000018000412c f   ucrt:api-ms-win-crt-runtime-l1-1-0.dll
 0001:00003132       QueryPerformanceCounter    0000000180004132 f   kernel32:KERNEL32.dll
 0001:00003138       GetCurrentProcessId        0000000180004138 f   kernel32:KERNEL32.dll
 0001:0000313e       GetCurrentThreadId         000000018000413e f   kernel32:KERNEL32.dll
 0001:00003144       GetSystemTimeAsFileTime    0000000180004144 f   kernel32:KERNEL32.dll
 0001:0000314a       DisableThreadLibraryCalls  000000018000414a f   kernel32:KERNEL32.dll
 0001:00003150       InitializeSListHead        0000000180004150 f   kernel32:KERNEL32.dll
 0001:00003156       RtlCaptureContext          0000000180004156 f   kernel32:KERNEL32.dll
 0001:0000315c       RtlLookupFunctionEntry     000000018000415c f   kernel32:KERNEL32.dll
 0001:00003162       RtlVirtualUnwind           0000000180004162 f   kernel32:KERNEL32.dll
 0001:00003168       IsDebuggerPresent          0000000180004168 f   kernel32:KERNEL32.dll
 0001:0000316e       UnhandledExceptionFilter   000000018000416e f   kernel32:KERNEL32.dll
 0001:00003174       SetUnhandledExceptionFilter 0000000180004174 f   kernel32:KERNEL32.dll
 0001:0000317a       GetStartupInfoW            000000018000417a f   kernel32:KERNEL32.dll
 0001:00003180       IsProcessorFeaturePresent  0000000180004180 f   kernel32:KERNEL32.dll
 0001:00003186       GetModuleHandleW           0000000180004186 f   kernel32:KERNEL32.dll
 0001:0000318c       __scrt_stub_for_acrt_initialize 000000018000418c f   MSVCRT:ucrt_stubs.obj
 0001:0000318c       __acrt_initialize          000000018000418c f   MSVCRT:ucrt_stubs.obj
 0001:0000318c       __vcrt_initialize          000000018000418c f   MSVCRT:ucrt_stubs.obj
 0001:00003190       __vcrt_thread_attach       0000000180004190 f   MSVCRT:ucrt_stubs.obj
 0001:00003190       __scrt_stub_for_acrt_thread_attach 0000000180004190 f   MSVCRT:ucrt_stubs.obj
 0001:00003190       __acrt_thread_attach       0000000180004190 f   MSVCRT:ucrt_stubs.obj
 0001:00003194       __scrt_stub_for_acrt_thread_detach 0000000180004194 f   MSVCRT:ucrt_stubs.obj
 0001:00003194       __vcrt_thread_detach       0000000180004194 f   MSVCRT:ucrt_stubs.obj
 0001:00003194       __acrt_thread_detach       0000000180004194 f   MSVCRT:ucrt_stubs.obj
 0001:00003198       __vcrt_uninitialize        0000000180004198 f   MSVCRT:ucrt_stubs.obj
 0001:00003198       __scrt_stub_for_acrt_uninitialize 0000000180004198 f   MSVCRT:ucrt_stubs.obj
 0001:00003198       __acrt_uninitialize        0000000180004198 f   MSVCRT:ucrt_stubs.obj
 0001:0000319c       __acrt_uninitialize_critical 000000018000419c f   MSVCRT:ucrt_stubs.obj
 0001:0000319c       __vcrt_uninitialize_critical 000000018000419c f   MSVCRT:ucrt_stubs.obj
 0001:0000319c       __scrt_stub_for_acrt_uninitialize_critical 000000018000419c f   MSVCRT:ucrt_stubs.obj
 0001:000031a0       __scrt_stub_for_is_c_termination_complete 00000001800041a0 f   MSVCRT:ucrt_stubs.obj
 0001:000031a0       _is_c_termination_complete 00000001800041a0 f   MSVCRT:ucrt_stubs.obj
 0001:000031c0       _guard_dispatch_icall_nop  00000001800041c0 f   MSVCRT:_guard_dispatch_.obj
 0002:00000000       __imp_QueryPerformanceCounter 0000000180005000     kernel32:KERNEL32.dll
 0002:00000008       __imp_GetCurrentProcessId  0000000180005008     kernel32:KERNEL32.dll
 0002:00000010       __imp_GetCurrentThreadId   0000000180005010     kernel32:KERNEL32.dll
 0002:00000018       __imp_GetSystemTimeAsFileTime 0000000180005018     kernel32:KERNEL32.dll
 0002:00000020       __imp_DisableThreadLibraryCalls 0000000180005020     kernel32:KERNEL32.dll
 0002:00000028       __imp_InitializeSListHead  0000000180005028     kernel32:KERNEL32.dll
 0002:00000030       __imp_RtlCaptureContext    0000000180005030     kernel32:KERNEL32.dll
 0002:00000038       __imp_RtlLookupFunctionEntry 0000000180005038     kernel32:KERNEL32.dll
 0002:00000040       __imp_RtlVirtualUnwind     0000000180005040     kernel32:KERNEL32.dll
 0002:00000048       __imp_IsDebuggerPresent    0000000180005048     kernel32:KERNEL32.dll
 0002:00000050       __imp_UnhandledExceptionFilter 0000000180005050     kernel32:KERNEL32.dll
 0002:00000058       __imp_SetUnhandledExceptionFilter 0000000180005058     kernel32:KERNEL32.dll
 0002:00000060       __imp_GetStartupInfoW      0000000180005060     kernel32:KERNEL32.dll
 0002:00000068       __imp_IsProcessorFeaturePresent 0000000180005068     kernel32:KERNEL32.dll
 0002:00000070       __imp_GetModuleHandleW     0000000180005070     kernel32:KERNEL32.dll
 0002:00000078       \177KERNEL32_NULL_THUNK_DATA 0000000180005078     kernel32:KERNEL32.dll
 0002:00000080       __imp_?GCoreObjectArrayForDebugVisualizers@@3PEAVFChunkedFixedUObjectArray@@EA 0000000180005080     UE4Editor-Core:UE4Editor-Core.dll
 0002:00000088       __imp_?Free@FMemory@@SAXPEAX@Z 0000000180005088     UE4Editor-Core:UE4Editor-Core.dll
 0002:00000090       __imp_?GetNameTableForDebuggerVisualizers_MT@FName@@SAPEAPEAPEAUFNameEntry@@XZ 0000000180005090     UE4Editor-Core:UE4Editor-Core.dll
 0002:00000098       __imp_?ZeroVector@FVector@@2U1@B 0000000180005098     UE4Editor-Core:UE4Editor-Core.dll
 0002:000000a0       __imp_?IsDebuggerPresent@FWindowsPlatformMisc@@SA_NXZ 00000001800050a0     UE4Editor-Core:UE4Editor-Core.dll
 0002:000000a8       __imp_?PromptForRemoteDebugging@FWindowsPlatformMisc@@SAX_N@Z 00000001800050a8     UE4Editor-Core:UE4Editor-Core.dll
 0002:000000b0       __imp_?AssertFailed@FDebug@@SAXPEBD0HPEB_WZZ 00000001800050b0     UE4Editor-Core:UE4Editor-Core.dll
 0002:000000b8       __imp_?LogAssertFailedMessageImpl@FDebug@@CAXPEBD0HPEB_WZZ 00000001800050b8     UE4Editor-Core:UE4Editor-Core.dll
 0002:000000c0       __imp_?Realloc@FMemory@@SAPEAXPEAX_KI@Z 00000001800050c0     UE4Editor-Core:UE4Editor-Core.dll
 0002:000000c8       __imp_?QuantizeSize@FMemory@@SA_K_KI@Z 00000001800050c8     UE4Editor-Core:UE4Editor-Core.dll
 0002:000000d0       __imp_??0FName@@QEAA@PEB_WW4EFindName@@@Z 00000001800050d0     UE4Editor-Core:UE4Editor-Core.dll
 0002:000000d8       __imp_??0FLLMScope@@QEAA@W4ELLMTag@@W4ELLMTagSet@@W4ELLMTracker@@@Z 00000001800050d8     UE4Editor-Core:UE4Editor-Core.dll
 0002:000000e0       __imp_??1FLLMScope@@QEAA@XZ 00000001800050e0     UE4Editor-Core:UE4Editor-Core.dll
 0002:000000e8       __imp_?Malloc@FMemory@@SAPEAX_KI@Z 00000001800050e8     UE4Editor-Core:UE4Editor-Core.dll
 0002:000000f0       \177UE4Editor-Core_NULL_THUNK_DATA 00000001800050f0     UE4Editor-Core:UE4Editor-Core.dll
 0002:000000f8       __imp_?PreEditChange@UObject@@UEAAXAEAVFEditPropertyChain@@@Z 00000001800050f8     UE4Editor-CoreUObject:UE4Editor-CoreUObject.dll
 0002:00000100       __imp_?PreDestroyFromReplication@UObject@@UEAAXXZ 0000000180005100     UE4Editor-CoreUObject:UE4Editor-CoreUObject.dll
 0002:00000108       __imp_?PostTransacted@UObject@@UEAAXAEBVFTransactionObjectEvent@@@Z 0000000180005108     UE4Editor-CoreUObject:UE4Editor-CoreUObject.dll
 0002:00000110       __imp_?PostSaveRoot@UObject@@UEAAX_N@Z 0000000180005110     UE4Editor-CoreUObject:UE4Editor-CoreUObject.dll
 0002:00000118       __imp_?PostRepNotifies@UObject@@UEAAXXZ 0000000180005118     UE4Editor-CoreUObject:UE4Editor-CoreUObject.dll
 0002:00000120       __imp_?PostReloadConfig@UObject@@UEAAXPEAVUProperty@@@Z 0000000180005120     UE4Editor-CoreUObject:UE4Editor-CoreUObject.dll
 0002:00000128       __imp_?PostLinkerChange@UObject@@UEAAXXZ 0000000180005128     UE4Editor-CoreUObject:UE4Editor-CoreUObject.dll
 0002:00000130       __imp_?PostInterpChange@UObject@@UEAAXPEAVUProperty@@@Z 0000000180005130     UE4Editor-CoreUObject:UE4Editor-CoreUObject.dll
 0002:00000138       __imp_?PostEditChangeChainProperty@UObject@@UEAAXAEAUFPropertyChangedChainEvent@@@Z 0000000180005138     UE4Editor-CoreUObject:UE4Editor-CoreUObject.dll
 0002:00000140       __imp_?PostDuplicate@UObject@@UEAAX_N@Z 0000000180005140     UE4Editor-CoreUObject:UE4Editor-CoreUObject.dll
 0002:00000148       __imp_?PostDuplicate@UObject@@UEAAXW4Type@EDuplicateMode@@@Z 0000000180005148     UE4Editor-CoreUObject:UE4Editor-CoreUObject.dll
 0002:00000150       __imp_?PostCDOContruct@UObject@@UEAAXXZ 0000000180005150     UE4Editor-CoreUObject:UE4Editor-CoreUObject.dll
 0002:00000158       __imp_?OnClusterMarkedAsPendingKill@UObjectBaseUtility@@UEAAXXZ 0000000180005158     UE4Editor-CoreUObject:UE4Editor-CoreUObject.dll
 0002:00000160       __imp_?NotifyObjectReferenceEliminated@UObject@@UEBAXXZ 0000000180005160     UE4Editor-CoreUObject:UE4Editor-CoreUObject.dll
 0002:00000168       __imp_?NeedsLoadForServer@UObject@@UEBA_NXZ 0000000180005168     UE4Editor-CoreUObject:UE4Editor-CoreUObject.dll
 0002:00000170       __imp_?NeedsLoadForEditorGame@UObject@@UEBA_NXZ 0000000180005170     UE4Editor-CoreUObject:UE4Editor-CoreUObject.dll
 0002:00000178       __imp_?NeedsLoadForClient@UObject@@UEBA_NXZ 0000000180005178     UE4Editor-CoreUObject:UE4Editor-CoreUObject.dll
 0002:00000180       __imp_?MarkAsEditorOnlySubobject@UObject@@UEAAXXZ 0000000180005180     UE4Editor-CoreUObject:UE4Editor-CoreUObject.dll
 0002:00000188       __imp_?LoadedFromAnotherClass@UObject@@UEAAXAEBVFName@@@Z 0000000180005188     UE4Editor-CoreUObject:UE4Editor-CoreUObject.dll
 0002:00000190       __imp_?IsSafeForRootSet@UObject@@UEBA_NXZ 0000000180005190     UE4Editor-CoreUObject:UE4Editor-CoreUObject.dll
 0002:00000198       __imp_?IsPostLoadThreadSafe@UObject@@UEBA_NXZ 0000000180005198     UE4Editor-CoreUObject:UE4Editor-CoreUObject.dll
 0002:000001a0       __imp_?IsLocalizedResource@UObject@@UEBA_NXZ 00000001800051a0     UE4Editor-CoreUObject:UE4Editor-CoreUObject.dll
 0002:000001a8       __imp_?IsFullNameStableForNetworking@UObject@@UEBA_NXZ 00000001800051a8     UE4Editor-CoreUObject:UE4Editor-CoreUObject.dll
 0002:000001b0       __imp_?IsCachedCookedPlatformDataLoaded@UObject@@UEAA_NPEBVITargetPlatform@@@Z 00000001800051b0     UE4Editor-CoreUObject:UE4Editor-CoreUObject.dll
 0002:000001b8       __imp_?IsAsset@UObject@@UEBA_NXZ 00000001800051b8     UE4Editor-CoreUObject:UE4Editor-CoreUObject.dll
 0002:000001c0       __imp_?ImportCustomProperties@UObject@@UEAAXPEB_WPEAVFFeedbackContext@@@Z 00000001800051c0     UE4Editor-CoreUObject:UE4Editor-CoreUObject.dll
 0002:000001c8       __imp_?PreSaveRoot@UObject@@UEAA_NPEB_W@Z 00000001800051c8     UE4Editor-CoreUObject:UE4Editor-CoreUObject.dll
 0002:000001d0       __imp_?GetResourceSizeEx@UObject@@UEAAXAEAUFResourceSizeEx@@@Z 00000001800051d0     UE4Editor-CoreUObject:UE4Editor-CoreUObject.dll
 0002:000001d8       __imp_?GetPrimaryAssetId@UObject@@UEBA?AUFPrimaryAssetId@@XZ 00000001800051d8     UE4Editor-CoreUObject:UE4Editor-CoreUObject.dll
 0002:000001e0       __imp_?GetPrestreamPackages@UObject@@UEAAXAEAV?$TArray@PEAVUObject@@VFDefaultAllocator@@@@@Z 00000001800051e0     UE4Editor-CoreUObject:UE4Editor-CoreUObject.dll
 0002:000001e8       __imp_?GetPreloadDependencies@UObject@@UEAAXAEAV?$TArray@PEAVUObject@@VFDefaultAllocator@@@@@Z 00000001800051e8     UE4Editor-CoreUObject:UE4Editor-CoreUObject.dll
 0002:000001f0       __imp_?GetNativePropertyValues@UObject@@UEBA_NAEAV?$TMap@VFString@@V1@VFDefaultSetAllocator@@U?$TDefaultMapHashableKeyFuncs@VFString@@V1@$0A@@@@@I@Z 00000001800051f0     UE4Editor-CoreUObject:UE4Editor-CoreUObject.dll
 0002:000001f8       __imp_?GetExporterName@UObject@@UEAA?AVFName@@XZ 00000001800051f8     UE4Editor-CoreUObject:UE4Editor-CoreUObject.dll
 0002:00000200       __imp_?GetDetailedInfoInternal@UObject@@MEBA?AVFString@@XZ 0000000180005200     UE4Editor-CoreUObject:UE4Editor-CoreUObject.dll
 0002:00000208       __imp_?GetDesc@UObject@@UEAA?AVFString@@XZ 0000000180005208     UE4Editor-CoreUObject:UE4Editor-CoreUObject.dll
 0002:00000210       __imp_?GetConfigOverridePlatform@UObject@@UEBAPEB_WXZ 0000000180005210     UE4Editor-CoreUObject:UE4Editor-CoreUObject.dll
 0002:00000218       __imp_?GetAssetRegistryTags@UObject@@UEBAXAEAV?$TArray@UFAssetRegistryTag@UObject@@VFDefaultAllocator@@@@@Z 0000000180005218     UE4Editor-CoreUObject:UE4Editor-CoreUObject.dll
 0002:00000220       __imp_?GetAssetRegistryTagMetadata@UObject@@UEBAXAEAV?$TMap@VFName@@UFAssetRegistryTagMetadata@UObject@@VFDefaultSetAllocator@@U?$TDefaultMapHashableKeyFuncs@VFName@@UFAssetRegistryTagMetadata@UObject@@$0A@@@@@@Z 0000000180005220     UE4Editor-CoreUObject:UE4Editor-CoreUObject.dll
 0002:00000228       __imp_?FinishDestroy@UObject@@UEAAXXZ 0000000180005228     UE4Editor-CoreUObject:UE4Editor-CoreUObject.dll
 0002:00000230       __imp_?ExportCustomProperties@UObject@@UEAAXAEAVFOutputDevice@@I@Z 0000000180005230     UE4Editor-CoreUObject:UE4Editor-CoreUObject.dll
 0002:00000238       __imp_?DeferredRegister@UObjectBase@@MEAAXPEAVUClass@@PEB_W1@Z 0000000180005238     UE4Editor-CoreUObject:UE4Editor-CoreUObject.dll
 0002:00000240       __imp_?CreateCluster@UObjectBaseUtility@@UEAAXXZ 0000000180005240     UE4Editor-CoreUObject:UE4Editor-CoreUObject.dll
 0002:00000248       __imp_?CookAdditionalFiles@UObject@@UEAAXPEB_WPEBVITargetPlatform@@@Z 0000000180005248     UE4Editor-CoreUObject:UE4Editor-CoreUObject.dll
 0002:00000250       __imp_?ClearCachedCookedPlatformData@UObject@@UEAAXPEBVITargetPlatform@@@Z 0000000180005250     UE4Editor-CoreUObject:UE4Editor-CoreUObject.dll
 0002:00000258       __imp_?ClearAllCachedCookedPlatformData@UObject@@UEAAXXZ 0000000180005258     UE4Editor-CoreUObject:UE4Editor-CoreUObject.dll
 0002:00000260       __imp_?CanEditChange@UObject@@UEBA_NPEBVUProperty@@@Z 0000000180005260     UE4Editor-CoreUObject:UE4Editor-CoreUObject.dll
 0002:00000268       __imp_?CanBeClusterRoot@UObjectBaseUtility@@UEBA_NXZ 0000000180005268     UE4Editor-CoreUObject:UE4Editor-CoreUObject.dll
 0002:00000270       __imp_?BuildSubobjectMapping@UObject@@UEBAXPEAV1@AEAV?$TMap@PEAVUObject@@PEAV1@VFDefaultSetAllocator@@U?$TDefaultMapHashableKeyFuncs@PEAVUObject@@PEAV1@$0A@@@@@@Z 0000000180005270     UE4Editor-CoreUObject:UE4Editor-CoreUObject.dll
 0002:00000278       __imp_?BeginCacheForCookedPlatformData@UObject@@UEAAXPEBVITargetPlatform@@@Z 0000000180005278     UE4Editor-CoreUObject:UE4Editor-CoreUObject.dll
 0002:00000280       __imp_?AreNativePropertiesIdenticalTo@UObject@@UEBA_NPEAV1@@Z 0000000180005280     UE4Editor-CoreUObject:UE4Editor-CoreUObject.dll
 0002:00000288       __imp_?Get@FObjectInitializer@@SAAEAV1@XZ 0000000180005288     UE4Editor-CoreUObject:UE4Editor-CoreUObject.dll
 0002:00000290       __imp_?StaticAllocateObject@@YAPEAVUObject@@PEAVUClass@@PEAV1@VFName@@W4EObjectFlags@@W4EInternalObjectFlags@@_NPEA_N@Z 0000000180005290     UE4Editor-CoreUObject:UE4Editor-CoreUObject.dll
 0002:00000298       __imp_?GetTransientPackage@@YAPEAVUPackage@@XZ 0000000180005298     UE4Editor-CoreUObject:UE4Editor-CoreUObject.dll
 0002:000002a0       __imp_?PreSave@UObject@@UEAAXPEBVITargetPlatform@@@Z 00000001800052a0     UE4Editor-CoreUObject:UE4Editor-CoreUObject.dll
 0002:000002a8       __imp_?ProcessConsoleExec@UObject@@UEAA_NPEB_WAEAVFOutputDevice@@PEAV1@@Z 00000001800052a8     UE4Editor-CoreUObject:UE4Editor-CoreUObject.dll
 0002:000002b0       __imp_?RegenerateClass@UObject@@UEAAPEAVUClass@@PEAV2@PEAV1@AEAV?$TArray@PEAVUObject@@VFDefaultAllocator@@@@@Z 00000001800052b0     UE4Editor-CoreUObject:UE4Editor-CoreUObject.dll
 0002:000002b8       __imp_?RegisterDependencies@UObjectBase@@MEAAXXZ 00000001800052b8     UE4Editor-CoreUObject:UE4Editor-CoreUObject.dll
 0002:000002c0       __imp_?ShutdownAfterError@UObject@@UEAAXXZ 00000001800052c0     UE4Editor-CoreUObject:UE4Editor-CoreUObject.dll
 0002:000002c8       __imp_?TagSubobjects@UObject@@UEAAXW4EObjectFlags@@@Z 00000001800052c8     UE4Editor-CoreUObject:UE4Editor-CoreUObject.dll
 0002:000002d0       __imp_?WillNeverCacheCookedPlatformDataAgain@UObject@@UEAAXXZ 00000001800052d0     UE4Editor-CoreUObject:UE4Editor-CoreUObject.dll
 0002:000002d8       __imp_?ConstructUPackage@UE4CodeGen_Private@@YAXAEAPEAVUPackage@@AEBUFPackageParams@1@@Z 00000001800052d8     UE4Editor-CoreUObject:UE4Editor-CoreUObject.dll
 0002:000002e0       __imp_?GetConvertedDynamicPackageNameToTypeName@@YAAEAV?$TMap@VFName@@V1@VFDefaultSetAllocator@@U?$TDefaultMapHashableKeyFuncs@VFName@@V1@$0A@@@@@XZ 00000001800052e0     UE4Editor-CoreUObject:UE4Editor-CoreUObject.dll
 0002:000002e8       __imp_?ConstructUClass@UE4CodeGen_Private@@YAXAEAPEAVUClass@@AEBUFClassParams@1@@Z 00000001800052e8     UE4Editor-CoreUObject:UE4Editor-CoreUObject.dll
 0002:000002f0       __imp_?UClassCompiledInDefer@@YAXPEAUFFieldCompiledInInfo@@PEB_W_KI@Z 00000001800052f0     UE4Editor-CoreUObject:UE4Editor-CoreUObject.dll
 0002:000002f8       __imp_?UObjectCompiledInDefer@@YAXP6APEAVUClass@@XZ0PEB_W1_N1P6AXAEAV?$TMap@VFName@@V1@VFDefaultSetAllocator@@U?$TDefaultMapHashableKeyFuncs@VFName@@V1@$0A@@@@@@Z@Z 00000001800052f8     UE4Editor-CoreUObject:UE4Editor-CoreUObject.dll
 0002:00000300       __imp_?StaticClass@UObject@@SAPEAVUClass@@XZ 0000000180005300     UE4Editor-CoreUObject:UE4Editor-CoreUObject.dll
 0002:00000308       __imp_?GetRestoreForUObjectOverwrite@UObject@@UEAAPEAVFRestoreForUObjectOverwrite@@XZ 0000000180005308     UE4Editor-CoreUObject:UE4Editor-CoreUObject.dll
[...]
 0003:000007c0       ?QMULTI_SIGN_MASK0@GlobalVectorConstants@@3T__m128@@B 00000001800127c0     ECSLearning.init.gen.cpp.obj
 0003:000007d0       ?OneOverTwoPi@GlobalVectorConstants@@3T__m128@@B 00000001800127d0     ECSLearning.init.gen.cpp.obj
 0003:000007e0       ?DEG_TO_RAD@GlobalVectorConstants@@3T__m128@@B 00000001800127e0     ECSLearning.init.gen.cpp.obj
 0003:000007f0       ?RotationSignificantThreshold@GlobalVectorConstants@@3T__m128@@B 00000001800127f0     ECSLearning.init.gen.cpp.obj
 0003:00000800       ?BigNumber@GlobalVectorConstants@@3T__m128@@B 0000000180012800     ECSLearning.init.gen.cpp.obj
 0003:00000810       ?FloatOneHundredth@GlobalVectorConstants@@3T__m128@@B 0000000180012810     ECSLearning.init.gen.cpp.obj
 0003:00000820       ?FloatTwo@GlobalVectorConstants@@3T__m128@@B 0000000180012820     ECSLearning.init.gen.cpp.obj
 0003:00000830       ?Float0001@GlobalVectorConstants@@3T__m128@@B 0000000180012830     ECSLearning.init.gen.cpp.obj
 0003:00000840       ?FloatAlmostTwo@GlobalVectorConstants@@3T__m128@@B 0000000180012840     ECSLearning.init.gen.cpp.obj
 0003:00000850       ?QMULTI_SIGN_MASK2@GlobalVectorConstants@@3T__m128@@B 0000000180012850     ECSLearning.init.gen.cpp.obj
 0003:00000860       ?SignMask@GlobalVectorConstants@@3T__m128@@B 0000000180012860     ECSLearning.init.gen.cpp.obj
 0003:00000870       ?FloatMinus1_111@GlobalVectorConstants@@3T__m128@@B 0000000180012870     ECSLearning.init.gen.cpp.obj
 0003:00000880       ?QMULTI_SIGN_MASK1@GlobalVectorConstants@@3T__m128@@B 0000000180012880     ECSLearning.init.gen.cpp.obj
 0003:00000890       ?IntMinusOne@GlobalVectorConstants@@3T__m128i@@B 0000000180012890     ECSLearning.init.gen.cpp.obj
 0003:000008a0       ?AnimWeightThreshold@GlobalVectorConstants@@3T__m128@@B 00000001800128a0     ECSLearning.init.gen.cpp.obj
 0003:000008b0       ?FloatOneHalf@GlobalVectorConstants@@3T__m128@@B 00000001800128b0     ECSLearning.init.gen.cpp.obj
 0003:000008c0       ?FloatZero@GlobalVectorConstants@@3T__m128@@B 00000001800128c0     ECSLearning.init.gen.cpp.obj
 0003:000008d0       ?B@VectorSinConstantsSSE@@3T__m128@@B 00000001800128d0     ECSLearning.init.gen.cpp.obj
 0003:000008e0       ?Float255@GlobalVectorConstants@@3T__m128@@B 00000001800128e0     ECSLearning.init.gen.cpp.obj
 0003:000008f0       ?Float127@GlobalVectorConstants@@3T__m128@@B 00000001800128f0     ECSLearning.init.gen.cpp.obj
 0003:00000900       ?QINV_SIGN_MASK@GlobalVectorConstants@@3T__m128@@B 0000000180012900     ECSLearning.init.gen.cpp.obj
 0003:00000910       ?DEG_TO_RAD_HALF@GlobalVectorConstants@@3T__m128@@B 0000000180012910     ECSLearning.init.gen.cpp.obj
 0003:00000920       ?FloatOne@GlobalVectorConstants@@3T__m128@@B 0000000180012920     ECSLearning.init.gen.cpp.obj
 0003:00000930       ?A@VectorSinConstantsSSE@@3T__m128@@B 0000000180012930     ECSLearning.init.gen.cpp.obj
 0003:00000940       ?IntSignBit@GlobalVectorConstants@@3T__m128i@@B 0000000180012940     ECSLearning.init.gen.cpp.obj
 0003:00000950       ?FloatMinusOne@GlobalVectorConstants@@3T__m128@@B 0000000180012950     ECSLearning.init.gen.cpp.obj
 0003:00000960       ?FloatNeg127@GlobalVectorConstants@@3T__m128@@B 0000000180012960     ECSLearning.init.gen.cpp.obj
 0003:00000970       ?Float111_Minus1@GlobalVectorConstants@@3T__m128@@B 0000000180012970     ECSLearning.init.gen.cpp.obj
 0003:00000980       ?XYZMask@GlobalVectorConstants@@3T__m128@@B 0000000180012980     ECSLearning.init.gen.cpp.obj
 0003:00000990       ?KindaSmallNumber@GlobalVectorConstants@@3T__m128@@B 0000000180012990     ECSLearning.init.gen.cpp.obj
 0003:000009a0       ?IntOne@GlobalVectorConstants@@3T__m128i@@B 00000001800129a0     ECSLearning.init.gen.cpp.obj
 0003:000009b0       ?SmallNumber@GlobalVectorConstants@@3T__m128@@B 00000001800129b0     ECSLearning.init.gen.cpp.obj
 0003:000009c0       ?PiByFour@GlobalVectorConstants@@3T__m128@@B 00000001800129c0     ECSLearning.init.gen.cpp.obj
 0003:000009d0       ?Pi@GlobalVectorConstants@@3T__m128@@B 00000001800129d0     ECSLearning.init.gen.cpp.obj
 0003:000009e0       ?FloatInfinity@GlobalVectorConstants@@3T__m128@@B 00000001800129e0     ECSLearning.init.gen.cpp.obj
 0003:000009f0       ?IntZero@GlobalVectorConstants@@3T__m128i@@B 00000001800129f0     ECSLearning.init.gen.cpp.obj
 0003:00000a00       ?IntSignMask@GlobalVectorConstants@@3T__m128i@@B 0000000180012a00     ECSLearning.init.gen.cpp.obj
 0003:00000a10       ?RAD_TO_DEG@GlobalVectorConstants@@3T__m128@@B 0000000180012a10     ECSLearning.init.gen.cpp.obj
 0003:00000a20       ?Float180@GlobalVectorConstants@@3T__m128@@B 0000000180012a20     ECSLearning.init.gen.cpp.obj
 0003:00000a30       ?ReturnPackage@?1??Z_Construct_UPackage__Script_ECSLearning@@YAPEAVUPackage@@XZ@4PEAV2@EA 0000000180012a30     ECSLearning.init.gen.cpp.obj
 0003:00000a40       ?PiByTwo@GlobalVectorConstants@@3T__m128@@B 0000000180012a40     MyCharacter.gen.cpp.obj
 0003:00000a50       ?FloatMinusOneHalf@GlobalVectorConstants@@3T__m128@@B 0000000180012a50     MyCharacter.gen.cpp.obj
 0003:00000a60       ?IntAllMask@GlobalVectorConstants@@3T__m128i@@B 0000000180012a60     MyCharacter.gen.cpp.obj
 0003:00000a70       ?TwoPi@GlobalVectorConstants@@3T__m128@@B 0000000180012a70     MyCharacter.gen.cpp.obj
 0003:00000a80       ?SmallLengthThreshold@GlobalVectorConstants@@3T__m128@@B 0000000180012a80     MyCharacter.gen.cpp.obj
 0003:00000a90       ?OneOverPi@GlobalVectorConstants@@3T__m128@@B 0000000180012a90     MyCharacter.gen.cpp.obj
 0003:00000aa0       ?AllMask@GlobalVectorConstants@@3T__m128@@B 0000000180012aa0     MyCharacter.gen.cpp.obj
 0003:00000ab0       ?ThreshQuatNormalized@GlobalVectorConstants@@3T__m128@@B 0000000180012ab0     MyCharacter.gen.cpp.obj
 0003:00000ac0       ?SignBit@GlobalVectorConstants@@3T__m128@@B 0000000180012ac0     MyCharacter.gen.cpp.obj
 0003:00000ad0       ?Float360@GlobalVectorConstants@@3T__m128@@B 0000000180012ad0     MyCharacter.gen.cpp.obj
 0003:00000ae0       ?QMULTI_SIGN_MASK0@GlobalVectorConstants@@3T__m128@@B 0000000180012ae0     MyCharacter.gen.cpp.obj
 0003:00000af0       ?OneOverTwoPi@GlobalVectorConstants@@3T__m128@@B 0000000180012af0     MyCharacter.gen.cpp.obj
 0003:00000b00       ?DEG_TO_RAD@GlobalVectorConstants@@3T__m128@@B 0000000180012b00     MyCharacter.gen.cpp.obj
 0003:00000b10       ?RotationSignificantThreshold@GlobalVectorConstants@@3T__m128@@B 0000000180012b10     MyCharacter.gen.cpp.obj
 0003:00000b20       ?BigNumber@GlobalVectorConstants@@3T__m128@@B 0000000180012b20     MyCharacter.gen.cpp.obj
 0003:00000b30       ?FloatOneHundredth@GlobalVectorConstants@@3T__m128@@B 0000000180012b30     MyCharacter.gen.cpp.obj
 0003:00000b40       ?FloatTwo@GlobalVectorConstants@@3T__m128@@B 0000000180012b40     MyCharacter.gen.cpp.obj
 0003:00000b50       ?Float0001@GlobalVectorConstants@@3T__m128@@B 0000000180012b50     MyCharacter.gen.cpp.obj
 0003:00000b60       ?FloatAlmostTwo@GlobalVectorConstants@@3T__m128@@B 0000000180012b60     MyCharacter.gen.cpp.obj
 0003:00000b70       ?QMULTI_SIGN_MASK2@GlobalVectorConstants@@3T__m128@@B 0000000180012b70     MyCharacter.gen.cpp.obj
 0003:00000b80       ?SignMask@GlobalVectorConstants@@3T__m128@@B 0000000180012b80     MyCharacter.gen.cpp.obj
 0003:00000b90       ?FloatMinus1_111@GlobalVectorConstants@@3T__m128@@B 0000000180012b90     MyCharacter.gen.cpp.obj
 0003:00000ba0       ?QMULTI_SIGN_MASK1@GlobalVectorConstants@@3T__m128@@B 0000000180012ba0     MyCharacter.gen.cpp.obj
 0003:00000bb0       ?IntMinusOne@GlobalVectorConstants@@3T__m128i@@B 0000000180012bb0     MyCharacter.gen.cpp.obj
 0003:00000bc0       ?AnimWeightThreshold@GlobalVectorConstants@@3T__m128@@B 0000000180012bc0     MyCharacter.gen.cpp.obj
 0003:00000bd0       ?FloatOneHalf@GlobalVectorConstants@@3T__m128@@B 0000000180012bd0     MyCharacter.gen.cpp.obj
 0003:00000be0       ?FloatZero@GlobalVectorConstants@@3T__m128@@B 0000000180012be0     MyCharacter.gen.cpp.obj
 0003:00000bf0       ?B@VectorSinConstantsSSE@@3T__m128@@B 0000000180012bf0     MyCharacter.gen.cpp.obj
 0003:00000c00       ?Float255@GlobalVectorConstants@@3T__m128@@B 0000000180012c00     MyCharacter.gen.cpp.obj
 0003:00000c10       ?Float127@GlobalVectorConstants@@3T__m128@@B 0000000180012c10     MyCharacter.gen.cpp.obj
 0003:00000c20       ?InvalidBoundingBox@FNavigationSystem@@3UFBox@@B 0000000180012c20     MyCharacter.gen.cpp.obj
 0003:00000c3c       ?Z_CompiledInDefer_UClass_AMyCharacter@@3UFCompiledInDefer@@A 0000000180012c3c     MyCharacter.gen.cpp.obj
 0003:00000c40       ?QINV_SIGN_MASK@GlobalVectorConstants@@3T__m128@@B 0000000180012c40     MyCharacter.gen.cpp.obj
 0003:00000c50       ?DEG_TO_RAD_HALF@GlobalVectorConstants@@3T__m128@@B 0000000180012c50     MyCharacter.gen.cpp.obj
 0003:00000c60       ?FloatOne@GlobalVectorConstants@@3T__m128@@B 0000000180012c60     MyCharacter.gen.cpp.obj
 0003:00000c70       ?A@VectorSinConstantsSSE@@3T__m128@@B 0000000180012c70     MyCharacter.gen.cpp.obj
 0003:00000c80       ?IntSignBit@GlobalVectorConstants@@3T__m128i@@B 0000000180012c80     MyCharacter.gen.cpp.obj
 0003:00000c90       ?FloatMinusOne@GlobalVectorConstants@@3T__m128@@B 0000000180012c90     MyCharacter.gen.cpp.obj
 0003:00000ca0       ?FloatNeg127@GlobalVectorConstants@@3T__m128@@B 0000000180012ca0     MyCharacter.gen.cpp.obj
 0003:00000cb0       ?Float111_Minus1@GlobalVectorConstants@@3T__m128@@B 0000000180012cb0     MyCharacter.gen.cpp.obj
 0003:00000cc0       ?XYZMask@GlobalVectorConstants@@3T__m128@@B 0000000180012cc0     MyCharacter.gen.cpp.obj
 0003:00000cd0       ?KindaSmallNumber@GlobalVectorConstants@@3T__m128@@B 0000000180012cd0     MyCharacter.gen.cpp.obj
 0003:00000ce0       ?IntOne@GlobalVectorConstants@@3T__m128i@@B 0000000180012ce0     MyCharacter.gen.cpp.obj
 0003:00000cf0       ?SmallNumber@GlobalVectorConstants@@3T__m128@@B 0000000180012cf0     MyCharacter.gen.cpp.obj
 0003:00000d00       ?PiByFour@GlobalVectorConstants@@3T__m128@@B 0000000180012d00     MyCharacter.gen.cpp.obj
 0003:00000d10       ?Pi@GlobalVectorConstants@@3T__m128@@B 0000000180012d10     MyCharacter.gen.cpp.obj
 0003:00000d20       ?FloatInfinity@GlobalVectorConstants@@3T__m128@@B 0000000180012d20     MyCharacter.gen.cpp.obj
 0003:00000d30       ?IntZero@GlobalVectorConstants@@3T__m128i@@B 0000000180012d30     MyCharacter.gen.cpp.obj
 0003:00000d40       ?IntSignMask@GlobalVectorConstants@@3T__m128i@@B 0000000180012d40     MyCharacter.gen.cpp.obj
 0003:00000d50       ?RAD_TO_DEG@GlobalVectorConstants@@3T__m128@@B 0000000180012d50     MyCharacter.gen.cpp.obj
 0003:00000d60       ?Float180@GlobalVectorConstants@@3T__m128@@B 0000000180012d60     MyCharacter.gen.cpp.obj
 0003:00000d70       ?OuterClass@?1??Z_Construct_UClass_AMyCharacter@@YAPEAVUClass@@XZ@4PEAV2@EA 0000000180012d70     MyCharacter.gen.cpp.obj
 0003:00000d78       ?PrivateStaticClass@?1??GetPrivateStaticClass@AMyCharacter@@CAPEAVUClass@@XZ@4PEAV3@EA 0000000180012d78     MyCharacter.gen.cpp.obj
 0003:00000d90       ?__proc_attached@@3HA      0000000180012d90     MSVCRT:dll_dllmain.obj
 0003:00000dc0       ?is_initialized_as_dll@@3_NA 0000000180012dc0     MSVCRT:utility.obj
 0003:00000dc1       ?module_local_atexit_table_initialized@@3_NA 0000000180012dc1     MSVCRT:utility.obj
 0003:00000dc8       ?module_local_atexit_table@@3U_onexit_table_t@@A 0000000180012dc8     MSVCRT:utility.obj
 0003:00000de0       ?module_local_at_quick_exit_table@@3U_onexit_table_t@@A 0000000180012de0     MSVCRT:utility.obj
 0004:00000000       $pdata$??_H@YAXPEAX_K1P6APEAX0@Z@Z 0000000180013000     ECSLearning.cpp.obj
 0004:0000000c       $pdata$??3@YAXPEAX@Z       000000018001300c     ECSLearning.cpp.obj
 0004:00000018       $pdata$??3@YAXPEAX_K@Z     0000000180013018     ECSLearning.cpp.obj
 0004:00000024       $pdata$??_V@YAXPEAX@Z      0000000180013024     ECSLearning.cpp.obj
 0004:00000030       $pdata$??_V@YAXPEAX_K@Z    0000000180013030     ECSLearning.cpp.obj
 0004:0000003c       $pdata$??_GIModuleInterface@@UEAAPEAXI@Z 000000018001303c     ECSLearning.cpp.obj
 0004:00000048       $pdata$??_GFDefaultModuleImpl@@UEAAPEAXI@Z 0000000180013048     ECSLearning.cpp.obj
 0004:00000054       $pdata$??_GFDefaultGameModuleImpl@@UEAAPEAXI@Z 0000000180013054     ECSLearning.cpp.obj
 0004:00000060       $pdata$InitializeModule    0000000180013060     ECSLearning.cpp.obj
 0004:0000006c       $pdata$??__EGFNameTableForDebuggerVisualizers_MT@@YAXXZ 000000018001306c     ECSLearning.cpp.obj
 0004:00000078       $pdata$??__G@YAXPEAX0_K1P6APEAX00@Z@Z 0000000180013078     MyCharacter.cpp.obj
 0004:00000084       $pdata$0$??__G@YAXPEAX0_K1P6APEAX00@Z@Z 0000000180013084     MyCharacter.cpp.obj
 0004:00000090       $pdata$1$??__G@YAXPEAX0_K1P6APEAX00@Z@Z 0000000180013090     MyCharacter.cpp.obj
 0004:0000009c       $pdata$?GetMoveGoalOffset@INavAgentInterface@@UEBA?AUFVector@@PEAVAActor@@@Z 000000018001309c     MyCharacter.cpp.obj
 0004:000000a8       $pdata$??2AMyCharacter@@SAPEAX_KW4EInternal@@PEAVUObject@@VFName@@W4EObjectFlags@@@Z 00000001800130a8     MyCharacter.cpp.obj
 0004:000000b4       $pdata$?__VTableCtorCaller@AMyCharacter@@SAPEAVUObject@@AEAVFVTableHelper@@@Z 00000001800130b4     MyCharacter.cpp.obj
 0004:000000c0       $pdata$?__DefaultConstructor@AMyCharacter@@SAXAEBVFObjectInitializer@@@Z 00000001800130c0     MyCharacter.cpp.obj
 0004:000000cc       $pdata$??0AMyCharacter@@QEAA@XZ 00000001800130cc     MyCharacter.cpp.obj
 0004:000000d8       $pdata$??_GAMyCharacter@@UEAAPEAXI@Z 00000001800130d8     MyCharacter.cpp.obj
 0004:000000e4       $pdata$??_EAMyCharacter@@UEAAPEAXI@Z 00000001800130e4     MyCharacter.cpp.obj
 0004:000000f0       $pdata$?Z_Construct_UPackage__Script_ECSLearning@@YAPEAVUPackage@@XZ 00000001800130f0     ECSLearning.init.gen.cpp.obj
 0004:000000fc       $pdata$?GetPrivateStaticClass@AMyCharacter@@CAPEAVUClass@@XZ 00000001800130fc     MyCharacter.gen.cpp.obj
 0004:00000108       $pdata$??0AMyCharacter@@QEAA@AEAVFVTableHelper@@@Z 0000000180013108     MyCharacter.gen.cpp.obj
 0004:00000114       $pdata$?Z_Construct_UClass_AMyCharacter@@YAPEAVUClass@@XZ 0000000180013114     MyCharacter.gen.cpp.obj
 0004:00000120       $pdata$?Register@?$TClassCompiledInDefer@VAMyCharacter@@@@UEBAPEAVUClass@@XZ 0000000180013120     MyCharacter.gen.cpp.obj
 0004:0000012c       $pdata$??__EZ_CompiledInDefer_UClass_AMyCharacter@@YAXXZ 000000018001312c     MyCharacter.gen.cpp.obj
 0004:00000138       $pdata$?initialize_legacy_wide_specifiers@@YAHXZ 0000000180013138     legacy_stdio_wide_specifiers:legacy_stdio_wide_specifiers.obj
 0004:00000144       $pdata$??_M@YAXPEAX_K1P6AX0@Z@Z 0000000180013144     MSVCRT:ehvecdtr.obj
 0004:00000150       $pdata$?fin$0@?0???_M@YAXPEAX_K1P6AX0@Z@Z@4HA 0000000180013150     MSVCRT:ehvecdtr.obj
 0004:0000015c       $pdata$?__ArrayUnwind@@YAXPEAX_K1P6AX0@Z@Z 000000018001315c     MSVCRT:ehvecdtr.obj
 0004:00000168       $pdata$?filt$0@?0??__ArrayUnwind@@YAXPEAX_K1P6AX0@Z@Z@4HA 0000000180013168     MSVCRT:ehvecdtr.obj
 0004:00000174       $pdata$?ArrayUnwindFilter@@YAHPEAU_EXCEPTION_POINTERS@@@Z 0000000180013174     MSVCRT:ehvecdtr.obj
 0004:00000180       $pdata$?dllmain_crt_process_attach@@YAHQEAUHINSTANCE__@@QEAX@Z 0000000180013180     MSVCRT:dll_dllmain.obj
 0004:0000018c       $pdata$?fin$0@?0??dllmain_crt_process_attach@@YAHQEAUHINSTANCE__@@QEAX@Z@4HA 000000018001318c     MSVCRT:dll_dllmain.obj
 0004:00000198       $pdata$?dllmain_crt_process_detach@@YAH_N@Z 0000000180013198     MSVCRT:dll_dllmain.obj
 0004:000001a4       $pdata$?fin$0@?0??dllmain_crt_process_detach@@YAH_N@Z@4HA 00000001800131a4     MSVCRT:dll_dllmain.obj
 0004:000001b0       $pdata$?dllmain_crt_dispatch@@YAHQEAUHINSTANCE__@@KQEAX@Z 00000001800131b0     MSVCRT:dll_dllmain.obj
 0004:000001bc       $pdata$?dllmain_dispatch@@YAHQEAUHINSTANCE__@@KQEAX@Z 00000001800131bc     MSVCRT:dll_dllmain.obj
 0004:000001c8       $pdata$?filt$0@?0??dllmain_dispatch@@YAHQEAUHINSTANCE__@@KQEAX@Z@4HA 00000001800131c8     MSVCRT:dll_dllmain.obj
 0004:000001d4       $pdata$_DllMainCRTStartup  00000001800131d4     MSVCRT:dll_dllmain.obj
 0004:000001e0       $pdata$__security_init_cookie 00000001800131e0     MSVCRT:gs_support.obj
 0004:000001ec       $pdata$__get_entropy       00000001800131ec     MSVCRT:gs_support.obj
 0004:000001f8       $pdata$DllMain             00000001800131f8     MSVCRT:dll_dllmain_stub.obj
 0004:00000204       $pdata$__scrt_initialize_default_local_stdio_options 0000000180013204     MSVCRT:default_local_stdio_options.obj
 0004:00000210       $pdata$atexit              0000000180013210     MSVCRT:utility.obj
 0004:0000021c       $pdata$_onexit             000000018001321c     MSVCRT:utility.obj
 0004:00000228       $pdata$__scrt_is_nonwritable_in_current_image 0000000180013228     MSVCRT:utility.obj
 0004:00000234       $pdata$__scrt_is_nonwritable_in_current_image$filt$0 0000000180013234     MSVCRT:utility.obj
 0004:00000240       $pdata$__scrt_acquire_startup_lock 0000000180013240     MSVCRT:utility.obj
 0004:0000024c       $pdata$__scrt_release_startup_lock 000000018001324c     MSVCRT:utility.obj
 0004:00000258       $pdata$__scrt_initialize_crt 0000000180013258     MSVCRT:utility.obj
 0004:00000264       $pdata$__scrt_uninitialize_crt 0000000180013264     MSVCRT:utility.obj
 0004:00000270       $pdata$__scrt_initialize_onexit_tables 0000000180013270     MSVCRT:utility.obj
 0004:0000027c       $pdata$__scrt_dllmain_exception_filter 000000018001327c     MSVCRT:utility.obj
 0004:00000288       $pdata$__scrt_dllmain_before_initialize_c 0000000180013288     MSVCRT:utility.obj
 0004:00000294       $pdata$__scrt_dllmain_after_initialize_c 0000000180013294     MSVCRT:utility.obj
 0004:000002a0       $pdata$__scrt_dllmain_uninitialize_c 00000001800132a0     MSVCRT:utility.obj
 0004:000002ac       $pdata$__scrt_dllmain_uninitialize_critical 00000001800132ac     MSVCRT:utility.obj
 0004:000002b8       $pdata$__scrt_dllmain_crt_thread_attach 00000001800132b8     MSVCRT:utility.obj
 0004:000002c4       $pdata$__scrt_dllmain_crt_thread_detach 00000001800132c4     MSVCRT:utility.obj
 0004:000002d0       $pdata$?configure_argv@__scrt_narrow_argv_policy@@SAHXZ 00000001800132d0     MSVCRT:utility.obj
 0004:000002dc       $pdata$__scrt_get_show_window_mode 00000001800132dc     MSVCRT:utility_desktop.obj
 0004:000002e8       $pdata$__scrt_is_managed_app 00000001800132e8     MSVCRT:utility_desktop.obj
 0004:000002f4       $pdata$__scrt_fastfail     00000001800132f4     MSVCRT:utility_desktop.obj
 0004:00000300       $pdata$__scrt_unhandled_exception_filter 0000000180013300     MSVCRT:utility_desktop.obj
 0004:0000030c       $pdata$_RTC_Initialize     000000018001330c     MSVCRT:_initsect_.obj
 0004:00000318       $pdata$_RTC_Terminate      0000000180013318     MSVCRT:_initsect_.obj
 0004:00000330       $pdata$__isa_available_init 0000000180013330     MSVCRT:_cpu_disp_.obj
 0005:00000300       $R000000                   0000000180014300     PCLaunch.rc.res
 0005:00000430       $R000130                   0000000180014430     PCLaunch.rc.res
 0005:00000588       $R000288                   0000000180014588     PCLaunch.rc.res
 0005:00000680       $R000380                   0000000180014680     PCLaunch.rc.res
 0005:000008f8       $R0005F8                   00000001800148f8     PCLaunch.rc.res
 0005:00000d60       $R000A60                   0000000180014d60     PCLaunch.rc.res
 0005:000016e8       $R0013E8                   00000001800156e8     PCLaunch.rc.res
 0005:00002790       $R002490                   0000000180016790     PCLaunch.rc.res
 0005:000041f8       $R003EF8                   00000001800181f8     PCLaunch.rc.res
 0005:000067a0       $R0064A0                   000000018001a7a0     PCLaunch.rc.res
 0005:0000a9c8       $R00A6C8                   000000018001e9c8     PCLaunch.rc.res
 0005:00011788       $R011488                   0000000180025788     PCLaunch.rc.res
 0005:000117f0       $R0114F0                   00000001800257f0     PCLaunch.rc.res
